Component: ARM Compiler 6.16 Tool: armlink [5dfeaa00]

==============================================================================

Section Cross References

    startup.o(STACK) refers (Special) to heapauxi.o(.text) for __use_two_region_memory
    startup.o(HEAP) refers (Special) to heapauxi.o(.text) for __use_two_region_memory
    startup.o(RESET) refers (Special) to heapauxi.o(.text) for __use_two_region_memory
    startup.o(RESET) refers to startup.o(STACK) for StackMem
    startup.o(RESET) refers to measurementofdistance.o(.text.SysTick_Handler) for SysTick_Handler
    startup.o(RESET) refers to texas.o(i.Timer4A_Handler) for Timer4A_Handler
    startup.o(RESET) refers to texas.o(i.Timer5A_Handler) for Timer5A_Handler
    startup.o(RESET) refers to __main.o(!!!main) for __main
    startup.o(.text) refers (Special) to heapauxi.o(.text) for __use_two_region_memory
    startup.o(.text) refers to startup.o(HEAP) for HeapMem
    startup.o(.text) refers to startup.o(STACK) for StackMem
    measurementofdistance.o(.text.Convert) refers to dflt_clz.o(x$fpl$dfltu) for __aeabi_ui2d
    measurementofdistance.o(.text.Convert) refers to dmul.o(x$fpl$dmul) for __aeabi_dmul
    measurementofdistance.o(.text.Convert) refers to dfixu.o(x$fpl$dfixu) for __aeabi_d2uiz
    measurementofdistance.o(.ARM.exidx.text.Convert) refers to measurementofdistance.o(.text.Convert) for [Anonymous Symbol]
    measurementofdistance.o(.text.SysTick_Handler) refers to systick_delay.o(.bss.tick_count) for tick_count
    measurementofdistance.o(.text.SysTick_Handler) refers to measurementofdistance.o(.bss.adc_count) for adc_count
    measurementofdistance.o(.text.SysTick_Handler) refers to adc.o(.text.ADC0_In) for ADC0_In
    measurementofdistance.o(.text.SysTick_Handler) refers to measurementofdistance.o(.text.Convert) for Convert
    measurementofdistance.o(.text.SysTick_Handler) refers to measurementofdistance.o(.bss.ADCdata) for ADCdata
    measurementofdistance.o(.text.SysTick_Handler) refers to measurementofdistance.o(.bss.Flag) for Flag
    measurementofdistance.o(.ARM.exidx.text.SysTick_Handler) refers to measurementofdistance.o(.text.SysTick_Handler) for [Anonymous Symbol]
    measurementofdistance.o(.text.UART_ConvertDistance) refers to measurementofdistance.o(.bss.String) for String
    measurementofdistance.o(.ARM.exidx.text.UART_ConvertDistance) refers to measurementofdistance.o(.text.UART_ConvertDistance) for [Anonymous Symbol]
    measurementofdistance.o(.text.main) refers to systick_delay.o(.text.SysTick_Init) for SysTick_Init
    measurementofdistance.o(.text.main) refers to adc.o(.text.ADC0_Init) for ADC0_Init
    measurementofdistance.o(.text.main) refers to lcd.o(.text.lcd_general_init) for lcd_general_init
    measurementofdistance.o(.text.main) refers to startup.o(.text) for EnableInterrupts
    measurementofdistance.o(.text.main) refers to measurementofdistance.o(.bss.Flag) for Flag
    measurementofdistance.o(.text.main) refers to measurementofdistance.o(.bss.ADCdata) for ADCdata
    measurementofdistance.o(.text.main) refers to measurementofdistance.o(.text.UART_ConvertDistance) for UART_ConvertDistance
    measurementofdistance.o(.text.main) refers to lcd.o(.text.lcd_display_clear) for lcd_display_clear
    measurementofdistance.o(.text.main) refers to measurementofdistance.o(.bss.String) for String
    measurementofdistance.o(.text.main) refers to lcd.o(.text.lcd_write_row1) for lcd_write_row1
    measurementofdistance.o(.ARM.exidx.text.main) refers to measurementofdistance.o(.text.main) for [Anonymous Symbol]
    nokia5110.o(.text.Nokia5110_Init) refers to nokia5110.o(.text.lcdwrite) for lcdwrite
    nokia5110.o(.ARM.exidx.text.Nokia5110_Init) refers to nokia5110.o(.text.Nokia5110_Init) for [Anonymous Symbol]
    nokia5110.o(.ARM.exidx.text.lcdwrite) refers to nokia5110.o(.text.lcdwrite) for [Anonymous Symbol]
    nokia5110.o(.text.Nokia5110_OutChar) refers to nokia5110.o(.text.lcdwrite) for lcdwrite
    nokia5110.o(.text.Nokia5110_OutChar) refers to nokia5110.o(.rodata.ASCII) for ASCII
    nokia5110.o(.ARM.exidx.text.Nokia5110_OutChar) refers to nokia5110.o(.text.Nokia5110_OutChar) for [Anonymous Symbol]
    nokia5110.o(.text.Nokia5110_OutString) refers to nokia5110.o(.text.Nokia5110_OutChar) for Nokia5110_OutChar
    nokia5110.o(.ARM.exidx.text.Nokia5110_OutString) refers to nokia5110.o(.text.Nokia5110_OutString) for [Anonymous Symbol]
    nokia5110.o(.text.Nokia5110_OutUDec) refers to nokia5110.o(.rodata.str1.1) for .L.str
    nokia5110.o(.text.Nokia5110_OutUDec) refers to nokia5110.o(.text.Nokia5110_OutString) for Nokia5110_OutString
    nokia5110.o(.text.Nokia5110_OutUDec) refers to nokia5110.o(.text.Nokia5110_OutChar) for Nokia5110_OutChar
    nokia5110.o(.ARM.exidx.text.Nokia5110_OutUDec) refers to nokia5110.o(.text.Nokia5110_OutUDec) for [Anonymous Symbol]
    nokia5110.o(.text.Nokia5110_SetCursor) refers to nokia5110.o(.text.lcdwrite) for lcdwrite
    nokia5110.o(.ARM.exidx.text.Nokia5110_SetCursor) refers to nokia5110.o(.text.Nokia5110_SetCursor) for [Anonymous Symbol]
    nokia5110.o(.text.Nokia5110_Clear) refers to nokia5110.o(.text.lcdwrite) for lcdwrite
    nokia5110.o(.text.Nokia5110_Clear) refers to nokia5110.o(.text.Nokia5110_SetCursor) for Nokia5110_SetCursor
    nokia5110.o(.ARM.exidx.text.Nokia5110_Clear) refers to nokia5110.o(.text.Nokia5110_Clear) for [Anonymous Symbol]
    nokia5110.o(.text.Nokia5110_DrawFullImage) refers to nokia5110.o(.text.Nokia5110_SetCursor) for Nokia5110_SetCursor
    nokia5110.o(.text.Nokia5110_DrawFullImage) refers to nokia5110.o(.text.lcdwrite) for lcdwrite
    nokia5110.o(.ARM.exidx.text.Nokia5110_DrawFullImage) refers to nokia5110.o(.text.Nokia5110_DrawFullImage) for [Anonymous Symbol]
    adc.o(.ARM.exidx.text.ADC0_Init) refers to adc.o(.text.ADC0_Init) for [Anonymous Symbol]
    adc.o(.ARM.exidx.text.ADC0_In) refers to adc.o(.text.ADC0_In) for [Anonymous Symbol]
    systick_delay.o(.ARM.exidx.text.SysTick_Init) refers to systick_delay.o(.text.SysTick_Init) for [Anonymous Symbol]
    systick_delay.o(.text.delayNms) refers to systick_delay.o(.bss.tick_count) for tick_count
    systick_delay.o(.ARM.exidx.text.delayNms) refers to systick_delay.o(.text.delayNms) for [Anonymous Symbol]
    lcd.o(.text.lcd_general_init) refers to lcd.o(.text.lcd_init) for lcd_init
    lcd.o(.text.lcd_general_init) refers to lcd.o(.text.lcd_display_control) for lcd_display_control
    lcd.o(.text.lcd_general_init) refers to lcd.o(.text.lcd_display_entry) for lcd_display_entry
    lcd.o(.text.lcd_general_init) refers to lcd.o(.text.lcd_display_function) for lcd_display_function
    lcd.o(.ARM.exidx.text.lcd_general_init) refers to lcd.o(.text.lcd_general_init) for [Anonymous Symbol]
    lcd.o(.ARM.exidx.text.lcd_init) refers to lcd.o(.text.lcd_init) for [Anonymous Symbol]
    lcd.o(.text.lcd_display_control) refers to lcd.o(.text.lcd_send_command) for lcd_send_command
    lcd.o(.ARM.exidx.text.lcd_display_control) refers to lcd.o(.text.lcd_display_control) for [Anonymous Symbol]
    lcd.o(.text.lcd_display_entry) refers to lcd.o(.text.lcd_send_command) for lcd_send_command
    lcd.o(.ARM.exidx.text.lcd_display_entry) refers to lcd.o(.text.lcd_display_entry) for [Anonymous Symbol]
    lcd.o(.text.lcd_display_function) refers to lcd.o(.text.lcd_send_command) for lcd_send_command
    lcd.o(.ARM.exidx.text.lcd_display_function) refers to lcd.o(.text.lcd_display_function) for [Anonymous Symbol]
    lcd.o(.text.lcd_display_clear) refers to lcd.o(.text.lcd_send_command) for lcd_send_command
    lcd.o(.ARM.exidx.text.lcd_display_clear) refers to lcd.o(.text.lcd_display_clear) for [Anonymous Symbol]
    lcd.o(.text.lcd_send_command) refers to lcd.o(.text.lcd_enable_off) for lcd_enable_off
    lcd.o(.text.lcd_send_command) refers to lcd.o(.text.lcd_send_command_hi) for lcd_send_command_hi
    lcd.o(.text.lcd_send_command) refers to lcd.o(.text.lcd_send_command_lo) for lcd_send_command_lo
    lcd.o(.text.lcd_send_command) refers to lcd.o(.text.lcd_send_command_ct) for lcd_send_command_ct
    lcd.o(.text.lcd_send_command) refers to lcd.o(.text.lcd_enable_on) for lcd_enable_on
    lcd.o(.text.lcd_send_command) refers to systick_delay.o(.text.delayNms) for delayNms
    lcd.o(.ARM.exidx.text.lcd_send_command) refers to lcd.o(.text.lcd_send_command) for [Anonymous Symbol]
    lcd.o(.text.lcd_display_return) refers to lcd.o(.text.lcd_send_command) for lcd_send_command
    lcd.o(.ARM.exidx.text.lcd_display_return) refers to lcd.o(.text.lcd_display_return) for [Anonymous Symbol]
    lcd.o(.text.lcd_cursor_shift) refers to lcd.o(.text.lcd_send_command) for lcd_send_command
    lcd.o(.ARM.exidx.text.lcd_cursor_shift) refers to lcd.o(.text.lcd_cursor_shift) for [Anonymous Symbol]
    lcd.o(.text.lcd_set_ddram) refers to lcd.o(.text.lcd_send_command) for lcd_send_command
    lcd.o(.ARM.exidx.text.lcd_set_ddram) refers to lcd.o(.text.lcd_set_ddram) for [Anonymous Symbol]
    lcd.o(.text.lcd_display_shift) refers to lcd.o(.text.lcd_send_command) for lcd_send_command
    lcd.o(.ARM.exidx.text.lcd_display_shift) refers to lcd.o(.text.lcd_display_shift) for [Anonymous Symbol]
    lcd.o(.text.lcd_write_char) refers to lcd.o(.text.lcd_send_command) for lcd_send_command
    lcd.o(.ARM.exidx.text.lcd_write_char) refers to lcd.o(.text.lcd_write_char) for [Anonymous Symbol]
    lcd.o(.text.lcd_write_row1) refers to lcd.o(.text.lcd_set_ddram) for lcd_set_ddram
    lcd.o(.text.lcd_write_row1) refers to strlen.o(.text) for strlen
    lcd.o(.text.lcd_write_row1) refers to lcd.o(.text.lcd_write_char) for lcd_write_char
    lcd.o(.ARM.exidx.text.lcd_write_row1) refers to lcd.o(.text.lcd_write_row1) for [Anonymous Symbol]
    lcd.o(.text.lcd_write_row2) refers to lcd.o(.text.lcd_set_ddram) for lcd_set_ddram
    lcd.o(.text.lcd_write_row2) refers to strlen.o(.text) for strlen
    lcd.o(.text.lcd_write_row2) refers to lcd.o(.text.lcd_write_char) for lcd_write_char
    lcd.o(.ARM.exidx.text.lcd_write_row2) refers to lcd.o(.text.lcd_write_row2) for [Anonymous Symbol]
    lcd.o(.ARM.exidx.text.lcd_enable_off) refers to lcd.o(.text.lcd_enable_off) for [Anonymous Symbol]
    lcd.o(.ARM.exidx.text.lcd_send_command_hi) refers to lcd.o(.text.lcd_send_command_hi) for [Anonymous Symbol]
    lcd.o(.ARM.exidx.text.lcd_send_command_lo) refers to lcd.o(.text.lcd_send_command_lo) for [Anonymous Symbol]
    lcd.o(.ARM.exidx.text.lcd_send_command_ct) refers to lcd.o(.text.lcd_send_command_ct) for [Anonymous Symbol]
    lcd.o(.ARM.exidx.text.lcd_enable_on) refers to lcd.o(.text.lcd_enable_on) for [Anonymous Symbol]
    lcd.o(.text.abcd) refers to lcd.o(.text.lcd_write_char) for lcd_write_char
    lcd.o(.ARM.exidx.text.abcd) refers to lcd.o(.text.abcd) for [Anonymous Symbol]
    lcd.o(.text.hello_world) refers to lcd.o(.rodata.str1.1) for .L.str
    lcd.o(.text.hello_world) refers to lcd.o(.text.lcd_write_row1) for lcd_write_row1
    lcd.o(.ARM.exidx.text.hello_world) refers to lcd.o(.text.hello_world) for [Anonymous Symbol]
    texas.o(i.Decrypt) refers to texas.o(.bss) for EncriptedMagicCode
    texas.o(i.Decrypt) refers to texas.o(.constdata) for DeScramble
    texas.o(i.Encrypt) refers to texas.o(i.SetCode) for SetCode
    texas.o(i.Encrypt) refers to texas.o(.bss) for MagicCode
    texas.o(i.Encrypt) refers to texas.o(.constdata) for Key
    texas.o(i.SetCode) refers to texas.o(.bss) for TExaS
    texas.o(i.SetCourse) refers to texas.o(.bss) for TExaS
    texas.o(i.SetGrade) refers to texas.o(i.Encrypt) for Encrypt
    texas.o(i.SetGrade) refers to texas.o(.bss) for MagicCode
    texas.o(i.SetMode) refers to texas.o(.bss) for TExaS
    texas.o(i.StartTimer4) refers to texas.o(.data) for ScopeCount
    texas.o(i.TExaS_Init) refers to texas.o(i.PLL_Init) for PLL_Init
    texas.o(i.TExaS_Init) refers to texas.o(i.SetCourse) for SetCourse
    texas.o(i.TExaS_Init) refers to texas.o(i.UART0_Init) for UART0_Init
    texas.o(i.TExaS_Init) refers to texas.o(i.SetCode) for SetCode
    texas.o(i.TExaS_Init) refers to texas.o(i.ADC1_Init) for ADC1_Init
    texas.o(i.TExaS_Init) refers to texas.o(.constdata) for IntroMsg
    texas.o(i.TExaS_Init) refers to texas.o(.bss) for TExaS
    texas.o(i.TExaS_Init) refers to texas.o(.data) for LastMode
    texas.o(i.Timer5A_Handler) refers to texas.o(i.ADC1_In) for ADC1_In
    texas.o(i.Timer5A_Handler) refers to texas.o(i.SetGrade) for SetGrade
    texas.o(i.Timer5A_Handler) refers to texas.o(i.checkADCconfiguration) for checkADCconfiguration
    texas.o(i.Timer5A_Handler) refers to texas.o(i.checkDisplayconfiguration) for checkDisplayconfiguration
    texas.o(i.Timer5A_Handler) refers to texas.o(i.checkLinearity) for checkLinearity
    texas.o(i.Timer5A_Handler) refers to texas.o(.data) for TExaS_Period
    texas.o(i.Timer5A_Handler) refers to texas.o(.bss) for TExaS
    texas.o(i.Timer5A_Handler) refers to texas.o(.constdata) for BlankMsg
    texas.o(i.checkADCconfiguration) refers to texas.o(.data) for InPort
    texas.o(i.checkDisplayconfiguration) refers to texas.o(.data) for Display
    texas.o(i.checkLinearity) refers to texas.o(.data) for r2
    __main.o(!!!main) refers to __rtentry.o(.ARM.Collect$$rtentry$$00000000) for __rt_entry
    dfixu.o(x$fpl$dfixu) refers (Special) to usenofp.o(x$fpl$usenofp) for __I$use$fp
    dfixu.o(x$fpl$dfixu) refers to dnaninf.o(x$fpl$dnaninf) for __fpl_dnaninf
    dfixu.o(x$fpl$dfixur) refers (Special) to usenofp.o(x$fpl$usenofp) for __I$use$fp
    dfixu.o(x$fpl$dfixur) refers to dnaninf.o(x$fpl$dnaninf) for __fpl_dnaninf
    dflt_clz.o(x$fpl$dfltu) refers (Special) to usenofp.o(x$fpl$usenofp) for __I$use$fp
    dflt_clz.o(x$fpl$dflt) refers (Special) to usenofp.o(x$fpl$usenofp) for __I$use$fp
    dflt_clz.o(x$fpl$dfltn) refers (Special) to usenofp.o(x$fpl$usenofp) for __I$use$fp
    dmul.o(x$fpl$dmul) refers (Special) to usenofp.o(x$fpl$usenofp) for __I$use$fp
    dmul.o(x$fpl$dmul) refers to dretinf.o(x$fpl$dretinf) for __fpl_dretinf
    dmul.o(x$fpl$dmul) refers to dnaninf.o(x$fpl$dnaninf) for __fpl_dnaninf
    __rtentry.o(.ARM.Collect$$rtentry$$00000000) refers (Special) to __rtentry2.o(.ARM.Collect$$rtentry$$0000000A) for __rt_entry_li
    __rtentry.o(.ARM.Collect$$rtentry$$00000000) refers (Special) to __rtentry2.o(.ARM.Collect$$rtentry$$0000000D) for __rt_entry_main
    __rtentry.o(.ARM.Collect$$rtentry$$00000000) refers (Special) to __rtentry2.o(.ARM.Collect$$rtentry$$0000000C) for __rt_entry_postli_1
    __rtentry.o(.ARM.Collect$$rtentry$$00000000) refers (Special) to __rtentry2.o(.ARM.Collect$$rtentry$$00000009) for __rt_entry_postsh_1
    __rtentry.o(.ARM.Collect$$rtentry$$00000000) refers (Special) to __rtentry2.o(.ARM.Collect$$rtentry$$00000002) for __rt_entry_presh_1
    __rtentry.o(.ARM.Collect$$rtentry$$00000000) refers (Special) to __rtentry4.o(.ARM.Collect$$rtentry$$00000004) for __rt_entry_sh
    dnaninf.o(x$fpl$dnaninf) refers (Special) to usenofp.o(x$fpl$usenofp) for __I$use$fp
    dretinf.o(x$fpl$dretinf) refers (Special) to usenofp.o(x$fpl$usenofp) for __I$use$fp
    __rtentry2.o(.ARM.Collect$$rtentry$$00000008) refers to boardinit2.o(.text) for _platform_post_stackheap_init
    __rtentry2.o(.ARM.Collect$$rtentry$$0000000A) refers to libinit.o(.ARM.Collect$$libinit$$00000000) for __rt_lib_init
    __rtentry2.o(.ARM.Collect$$rtentry$$0000000B) refers to boardinit3.o(.text) for _platform_post_lib_init
    __rtentry2.o(.ARM.Collect$$rtentry$$0000000D) refers to measurementofdistance.o(.text.main) for main
    __rtentry2.o(.ARM.Collect$$rtentry$$0000000D) refers to exit.o(.text) for exit
    __rtentry2.o(.ARM.exidx) refers to __rtentry2.o(.ARM.Collect$$rtentry$$00000001) for .ARM.Collect$$rtentry$$00000001
    __rtentry2.o(.ARM.exidx) refers to __rtentry2.o(.ARM.Collect$$rtentry$$00000008) for .ARM.Collect$$rtentry$$00000008
    __rtentry2.o(.ARM.exidx) refers to __rtentry2.o(.ARM.Collect$$rtentry$$0000000A) for .ARM.Collect$$rtentry$$0000000A
    __rtentry2.o(.ARM.exidx) refers to __rtentry2.o(.ARM.Collect$$rtentry$$0000000B) for .ARM.Collect$$rtentry$$0000000B
    __rtentry2.o(.ARM.exidx) refers to __rtentry2.o(.ARM.Collect$$rtentry$$0000000D) for .ARM.Collect$$rtentry$$0000000D
    __rtentry4.o(.ARM.Collect$$rtentry$$00000004) refers to sys_stackheap_outer.o(.text) for __user_setup_stackheap
    __rtentry4.o(.ARM.exidx) refers to __rtentry4.o(.ARM.Collect$$rtentry$$00000004) for .ARM.Collect$$rtentry$$00000004
    sys_stackheap_outer.o(.text) refers to libspace.o(.text) for __user_perproc_libspace
    sys_stackheap_outer.o(.text) refers to startup.o(.text) for __user_initial_stackheap
    exit.o(.text) refers to rtexit.o(.ARM.Collect$$rtexit$$00000000) for __rt_exit
    libinit.o(.ARM.Collect$$libinit$$00000000) refers (Special) to libinit2.o(.ARM.Collect$$libinit$$0000002E) for __rt_lib_init_alloca_1
    libinit.o(.ARM.Collect$$libinit$$00000000) refers (Special) to libinit2.o(.ARM.Collect$$libinit$$0000002C) for __rt_lib_init_argv_1
    libinit.o(.ARM.Collect$$libinit$$00000000) refers (Special) to libinit2.o(.ARM.Collect$$libinit$$0000001B) for __rt_lib_init_atexit_1
    libinit.o(.ARM.Collect$$libinit$$00000000) refers (Special) to libinit2.o(.ARM.Collect$$libinit$$00000021) for __rt_lib_init_clock_1
    libinit.o(.ARM.Collect$$libinit$$00000000) refers (Special) to libinit2.o(.ARM.Collect$$libinit$$00000032) for __rt_lib_init_cpp_1
    libinit.o(.ARM.Collect$$libinit$$00000000) refers (Special) to libinit2.o(.ARM.Collect$$libinit$$00000030) for __rt_lib_init_exceptions_1
    libinit.o(.ARM.Collect$$libinit$$00000000) refers (Special) to libinit2.o(.ARM.Collect$$libinit$$00000002) for __rt_lib_init_fp_1
    libinit.o(.ARM.Collect$$libinit$$00000000) refers (Special) to libinit2.o(.ARM.Collect$$libinit$$0000001F) for __rt_lib_init_fp_trap_1
    libinit.o(.ARM.Collect$$libinit$$00000000) refers (Special) to libinit2.o(.ARM.Collect$$libinit$$00000023) for __rt_lib_init_getenv_1
    libinit.o(.ARM.Collect$$libinit$$00000000) refers (Special) to libinit2.o(.ARM.Collect$$libinit$$0000000A) for __rt_lib_init_heap_1
    libinit.o(.ARM.Collect$$libinit$$00000000) refers (Special) to libinit2.o(.ARM.Collect$$libinit$$00000011) for __rt_lib_init_lc_collate_1
    libinit.o(.ARM.Collect$$libinit$$00000000) refers (Special) to libinit2.o(.ARM.Collect$$libinit$$00000013) for __rt_lib_init_lc_ctype_1
    libinit.o(.ARM.Collect$$libinit$$00000000) refers (Special) to libinit2.o(.ARM.Collect$$libinit$$00000015) for __rt_lib_init_lc_monetary_1
    libinit.o(.ARM.Collect$$libinit$$00000000) refers (Special) to libinit2.o(.ARM.Collect$$libinit$$00000017) for __rt_lib_init_lc_numeric_1
    libinit.o(.ARM.Collect$$libinit$$00000000) refers (Special) to libinit2.o(.ARM.Collect$$libinit$$00000019) for __rt_lib_init_lc_time_1
    libinit.o(.ARM.Collect$$libinit$$00000000) refers (Special) to libinit2.o(.ARM.Collect$$libinit$$00000004) for __rt_lib_init_preinit_1
    libinit.o(.ARM.Collect$$libinit$$00000000) refers (Special) to libinit2.o(.ARM.Collect$$libinit$$0000000E) for __rt_lib_init_rand_1
    libinit.o(.ARM.Collect$$libinit$$00000000) refers (Special) to libinit2.o(.ARM.Collect$$libinit$$00000033) for __rt_lib_init_return
    libinit.o(.ARM.Collect$$libinit$$00000000) refers (Special) to libinit2.o(.ARM.Collect$$libinit$$0000001D) for __rt_lib_init_signal_1
    libinit.o(.ARM.Collect$$libinit$$00000000) refers (Special) to libinit2.o(.ARM.Collect$$libinit$$00000025) for __rt_lib_init_stdio_1
    libinit.o(.ARM.Collect$$libinit$$00000000) refers (Special) to libinit2.o(.ARM.Collect$$libinit$$0000000C) for __rt_lib_init_user_alloc_1
    libspace.o(.text) refers to libspace.o(.bss) for __libspace_start
    rtexit.o(.ARM.Collect$$rtexit$$00000000) refers (Special) to rtexit2.o(.ARM.Collect$$rtexit$$00000004) for __rt_exit_exit
    rtexit.o(.ARM.Collect$$rtexit$$00000000) refers (Special) to rtexit2.o(.ARM.Collect$$rtexit$$00000003) for __rt_exit_ls
    rtexit.o(.ARM.Collect$$rtexit$$00000000) refers (Special) to rtexit2.o(.ARM.Collect$$rtexit$$00000002) for __rt_exit_prels_1
    rtexit.o(.ARM.exidx) refers (Special) to rtexit2.o(.ARM.Collect$$rtexit$$00000004) for __rt_exit_exit
    rtexit.o(.ARM.exidx) refers (Special) to rtexit2.o(.ARM.Collect$$rtexit$$00000003) for __rt_exit_ls
    rtexit.o(.ARM.exidx) refers (Special) to rtexit2.o(.ARM.Collect$$rtexit$$00000002) for __rt_exit_prels_1
    rtexit.o(.ARM.exidx) refers to rtexit.o(.ARM.Collect$$rtexit$$00000000) for .ARM.Collect$$rtexit$$00000000
    libinit2.o(.ARM.Collect$$libinit$$00000010) refers to libinit2.o(.ARM.Collect$$libinit$$0000000F) for .ARM.Collect$$libinit$$0000000F
    libinit2.o(.ARM.Collect$$libinit$$00000012) refers to libinit2.o(.ARM.Collect$$libinit$$0000000F) for .ARM.Collect$$libinit$$0000000F
    libinit2.o(.ARM.Collect$$libinit$$00000014) refers to libinit2.o(.ARM.Collect$$libinit$$0000000F) for .ARM.Collect$$libinit$$0000000F
    libinit2.o(.ARM.Collect$$libinit$$00000016) refers to libinit2.o(.ARM.Collect$$libinit$$0000000F) for .ARM.Collect$$libinit$$0000000F
    libinit2.o(.ARM.Collect$$libinit$$00000018) refers to libinit2.o(.ARM.Collect$$libinit$$0000000F) for .ARM.Collect$$libinit$$0000000F
    libinit2.o(.ARM.Collect$$libinit$$00000026) refers to argv_veneer.o(.emb_text) for __ARM_argv_veneer
    libinit2.o(.ARM.Collect$$libinit$$00000027) refers to argv_veneer.o(.emb_text) for __ARM_argv_veneer
    rtexit2.o(.ARM.Collect$$rtexit$$00000003) refers to libshutdown.o(.ARM.Collect$$libshutdown$$00000000) for __rt_lib_shutdown
    rtexit2.o(.ARM.Collect$$rtexit$$00000004) refers to sys_exit.o(.text) for _sys_exit
    rtexit2.o(.ARM.exidx) refers to rtexit2.o(.ARM.Collect$$rtexit$$00000001) for .ARM.Collect$$rtexit$$00000001
    rtexit2.o(.ARM.exidx) refers to rtexit2.o(.ARM.Collect$$rtexit$$00000003) for .ARM.Collect$$rtexit$$00000003
    rtexit2.o(.ARM.exidx) refers to rtexit2.o(.ARM.Collect$$rtexit$$00000004) for .ARM.Collect$$rtexit$$00000004
    argv_veneer.o(.emb_text) refers to no_argv.o(.text) for __ARM_get_argv
    sys_exit.o(.text) refers (Special) to use_no_semi.o(.text) for __I$use$semihosting
    sys_exit.o(.text) refers (Special) to indicate_semi.o(.text) for __semihosting_library_function
    sys_exit_hlt.o(.text) refers (Special) to use_no_semi.o(.text) for __I$use$semihosting
    sys_exit_hlt.o(.text) refers (Special) to indicate_semi.o(.text) for __semihosting_library_function
    _get_argv_nomalloc.o(.text) refers (Special) to hrguard.o(.text) for __heap_region$guard
    _get_argv_nomalloc.o(.text) refers to defsig_rtmem_outer.o(.text) for __rt_SIGRTMEM
    _get_argv_nomalloc.o(.text) refers to sys_command.o(.text) for _sys_command_string
    libshutdown.o(.ARM.Collect$$libshutdown$$00000000) refers (Special) to libshutdown2.o(.ARM.Collect$$libshutdown$$00000002) for __rt_lib_shutdown_cpp_1
    libshutdown.o(.ARM.Collect$$libshutdown$$00000000) refers (Special) to libshutdown2.o(.ARM.Collect$$libshutdown$$00000007) for __rt_lib_shutdown_fp_trap_1
    libshutdown.o(.ARM.Collect$$libshutdown$$00000000) refers (Special) to libshutdown2.o(.ARM.Collect$$libshutdown$$0000000F) for __rt_lib_shutdown_heap_1
    libshutdown.o(.ARM.Collect$$libshutdown$$00000000) refers (Special) to libshutdown2.o(.ARM.Collect$$libshutdown$$00000010) for __rt_lib_shutdown_return
    libshutdown.o(.ARM.Collect$$libshutdown$$00000000) refers (Special) to libshutdown2.o(.ARM.Collect$$libshutdown$$0000000A) for __rt_lib_shutdown_signal_1
    libshutdown.o(.ARM.Collect$$libshutdown$$00000000) refers (Special) to libshutdown2.o(.ARM.Collect$$libshutdown$$00000004) for __rt_lib_shutdown_stdio_1
    libshutdown.o(.ARM.Collect$$libshutdown$$00000000) refers (Special) to libshutdown2.o(.ARM.Collect$$libshutdown$$0000000C) for __rt_lib_shutdown_user_alloc_1
    sys_command.o(.text) refers (Special) to use_no_semi.o(.text) for __I$use$semihosting
    sys_command.o(.text) refers (Special) to indicate_semi.o(.text) for __semihosting_library_function
    sys_command_hlt.o(.text) refers (Special) to use_no_semi.o(.text) for __I$use$semihosting
    sys_command_hlt.o(.text) refers (Special) to indicate_semi.o(.text) for __semihosting_library_function
    defsig_rtmem_outer.o(.text) refers to defsig_rtmem_inner.o(.text) for __rt_SIGRTMEM_inner
    defsig_rtmem_outer.o(.text) refers to defsig_exit.o(.text) for __sig_exit
    defsig_rtmem_formal.o(.text) refers to rt_raise.o(.text) for __rt_raise
    rt_raise.o(.text) refers to __raise.o(.text) for __raise
    rt_raise.o(.text) refers to sys_exit.o(.text) for _sys_exit
    defsig_exit.o(.text) refers to sys_exit.o(.text) for _sys_exit
    defsig_rtmem_inner.o(.text) refers to defsig_general.o(.text) for __default_signal_display
    __raise.o(.text) refers to defsig.o(CL$$defsig) for __default_signal_handler
    defsig_general.o(.text) refers to sys_wrch.o(.text) for _ttywrch
    sys_wrch.o(.text) refers (Special) to use_no_semi.o(.text) for __I$use$semihosting
    sys_wrch.o(.text) refers (Special) to indicate_semi.o(.text) for __semihosting_library_function
    sys_wrch_hlt.o(.text) refers (Special) to use_no_semi.o(.text) for __I$use$semihosting
    sys_wrch_hlt.o(.text) refers (Special) to indicate_semi.o(.text) for __semihosting_library_function
    defsig.o(CL$$defsig) refers to defsig_rtmem_inner.o(.text) for __rt_SIGRTMEM_inner
    defsig_abrt_inner.o(.text) refers to defsig_general.o(.text) for __default_signal_display
    defsig_fpe_inner.o(.text) refers to defsig_general.o(.text) for __default_signal_display
    defsig_rtred_inner.o(.text) refers to defsig_general.o(.text) for __default_signal_display
    defsig_stak_inner.o(.text) refers to defsig_general.o(.text) for __default_signal_display
    defsig_pvfn_inner.o(.text) refers to defsig_general.o(.text) for __default_signal_display
    defsig_cppl_inner.o(.text) refers to defsig_general.o(.text) for __default_signal_display
    defsig_segv_inner.o(.text) refers to defsig_general.o(.text) for __default_signal_display
    defsig_other.o(.text) refers to defsig_general.o(.text) for __default_signal_display


==============================================================================

Removing Unused input sections from the image.

    Removing measurementofdistance.o(.text), (0 bytes).
    Removing measurementofdistance.o(.ARM.exidx.text.Convert), (8 bytes).
    Removing measurementofdistance.o(.ARM.exidx.text.SysTick_Handler), (8 bytes).
    Removing measurementofdistance.o(.ARM.exidx.text.UART_ConvertDistance), (8 bytes).
    Removing measurementofdistance.o(.ARM.exidx.text.main), (8 bytes).
    Removing measurementofdistance.o(.ARM.use_no_argv), (4 bytes).
    Removing nokia5110.o(.text), (0 bytes).
    Removing nokia5110.o(.text.Nokia5110_Init), (354 bytes).
    Removing nokia5110.o(.ARM.exidx.text.Nokia5110_Init), (8 bytes).
    Removing nokia5110.o(.text.lcdwrite), (144 bytes).
    Removing nokia5110.o(.ARM.exidx.text.lcdwrite), (8 bytes).
    Removing nokia5110.o(.text.Nokia5110_OutChar), (86 bytes).
    Removing nokia5110.o(.ARM.exidx.text.Nokia5110_OutChar), (8 bytes).
    Removing nokia5110.o(.text.Nokia5110_OutString), (36 bytes).
    Removing nokia5110.o(.ARM.exidx.text.Nokia5110_OutString), (8 bytes).
    Removing nokia5110.o(.text.Nokia5110_OutUDec), (682 bytes).
    Removing nokia5110.o(.ARM.exidx.text.Nokia5110_OutUDec), (8 bytes).
    Removing nokia5110.o(.text.Nokia5110_SetCursor), (78 bytes).
    Removing nokia5110.o(.ARM.exidx.text.Nokia5110_SetCursor), (8 bytes).
    Removing nokia5110.o(.text.Nokia5110_Clear), (50 bytes).
    Removing nokia5110.o(.ARM.exidx.text.Nokia5110_Clear), (8 bytes).
    Removing nokia5110.o(.text.Nokia5110_DrawFullImage), (58 bytes).
    Removing nokia5110.o(.ARM.exidx.text.Nokia5110_DrawFullImage), (8 bytes).
    Removing nokia5110.o(.rodata.ASCII), (480 bytes).
    Removing nokia5110.o(.rodata.str1.1), (12 bytes).
    Removing adc.o(.text), (0 bytes).
    Removing adc.o(.ARM.exidx.text.ADC0_Init), (8 bytes).
    Removing adc.o(.ARM.exidx.text.ADC0_In), (8 bytes).
    Removing systick_delay.o(.text), (0 bytes).
    Removing systick_delay.o(.ARM.exidx.text.SysTick_Init), (8 bytes).
    Removing systick_delay.o(.ARM.exidx.text.delayNms), (8 bytes).
    Removing lcd.o(.text), (0 bytes).
    Removing lcd.o(.ARM.exidx.text.lcd_general_init), (8 bytes).
    Removing lcd.o(.ARM.exidx.text.lcd_init), (8 bytes).
    Removing lcd.o(.ARM.exidx.text.lcd_display_control), (8 bytes).
    Removing lcd.o(.ARM.exidx.text.lcd_display_entry), (8 bytes).
    Removing lcd.o(.ARM.exidx.text.lcd_display_function), (8 bytes).
    Removing lcd.o(.ARM.exidx.text.lcd_display_clear), (8 bytes).
    Removing lcd.o(.ARM.exidx.text.lcd_send_command), (8 bytes).
    Removing lcd.o(.text.lcd_display_return), (32 bytes).
    Removing lcd.o(.ARM.exidx.text.lcd_display_return), (8 bytes).
    Removing lcd.o(.text.lcd_cursor_shift), (52 bytes).
    Removing lcd.o(.ARM.exidx.text.lcd_cursor_shift), (8 bytes).
    Removing lcd.o(.ARM.exidx.text.lcd_set_ddram), (8 bytes).
    Removing lcd.o(.text.lcd_display_shift), (52 bytes).
    Removing lcd.o(.ARM.exidx.text.lcd_display_shift), (8 bytes).
    Removing lcd.o(.ARM.exidx.text.lcd_write_char), (8 bytes).
    Removing lcd.o(.ARM.exidx.text.lcd_write_row1), (8 bytes).
    Removing lcd.o(.text.lcd_write_row2), (62 bytes).
    Removing lcd.o(.ARM.exidx.text.lcd_write_row2), (8 bytes).
    Removing lcd.o(.ARM.exidx.text.lcd_enable_off), (8 bytes).
    Removing lcd.o(.ARM.exidx.text.lcd_send_command_hi), (8 bytes).
    Removing lcd.o(.ARM.exidx.text.lcd_send_command_lo), (8 bytes).
    Removing lcd.o(.ARM.exidx.text.lcd_send_command_ct), (8 bytes).
    Removing lcd.o(.ARM.exidx.text.lcd_enable_on), (8 bytes).
    Removing lcd.o(.text.abcd), (28 bytes).
    Removing lcd.o(.ARM.exidx.text.abcd), (8 bytes).
    Removing lcd.o(.text.hello_world), (16 bytes).
    Removing lcd.o(.ARM.exidx.text.hello_world), (8 bytes).
    Removing lcd.o(.rodata.str1.1), (12 bytes).
    Removing texas.o(i.ADC1_Init), (212 bytes).
    Removing texas.o(i.Decrypt), (92 bytes).
    Removing texas.o(i.PLL_Init), (124 bytes).
    Removing texas.o(i.PortD2_Init), (108 bytes).
    Removing texas.o(i.SetCourse), (24 bytes).
    Removing texas.o(i.SetMode), (24 bytes).
    Removing texas.o(i.StartTimer4), (36 bytes).
    Removing texas.o(i.StopTimer4), (24 bytes).
    Removing texas.o(i.TExaS_Init), (656 bytes).
    Removing texas.o(i.TExaS_Stop), (28 bytes).
    Removing texas.o(i.UART0_InChar), (24 bytes).
    Removing texas.o(i.UART0_InCharNonBlocking), (28 bytes).
    Removing texas.o(i.UART0_Init), (192 bytes).
    Removing texas.o(i.UART0_OutChar), (24 bytes).
    Removing texas.o(i.UART0_OutCharNonBlock), (12 bytes).
    Removing texas.o(i.copy), (18 bytes).

76 unused section(s) (total 4160 bytes) removed from the image.
