Component: ARM Compiler 6.16 Tool: armlink [5dfeaa00]

==============================================================================

Section Cross References

    adc.o(.text.ADC0_Init) refers to systick_delay.o(.text.delayNms) for delayNms
    adc.o(.text.ADC0_Init) refers to adc.o(.text.setAdcCount) for setAdcCount
    adc.o(.text.ADC0_Init) refers to adc.o(.text.setAdcFlag) for setAdcFlag
    adc.o(.ARM.exidx.text.ADC0_Init) refers to adc.o(.text.ADC0_Init) for [Anonymous Symbol]
    adc.o(.text.setAdcCount) refers to adc.o(.bss.adc_count) for adc_count
    adc.o(.ARM.exidx.text.setAdcCount) refers to adc.o(.text.setAdcCount) for [Anonymous Symbol]
    adc.o(.text.setAdcFlag) refers to adc.o(.bss.adc_flag) for adc_flag
    adc.o(.ARM.exidx.text.setAdcFlag) refers to adc.o(.text.setAdcFlag) for [Anonymous Symbol]
    adc.o(.text.getAdcCount) refers to adc.o(.bss.adc_count) for adc_count
    adc.o(.ARM.exidx.text.getAdcCount) refers to adc.o(.text.getAdcCount) for [Anonymous Symbol]
    adc.o(.text.getAdcFlag) refers to adc.o(.bss.adc_flag) for adc_flag
    adc.o(.ARM.exidx.text.getAdcFlag) refers to adc.o(.text.getAdcFlag) for [Anonymous Symbol]
    adc.o(.ARM.exidx.text.ADC0_In) refers to adc.o(.text.ADC0_In) for [Anonymous Symbol]
    lcd.o(.text.LCD_16x2_Init_Simple) refers to lcd.o(.text.LCD_16x2_Init) for LCD_16x2_Init
    lcd.o(.text.LCD_16x2_Init_Simple) refers to lcd.o(.text.LCD_16x2_Control_Config) for LCD_16x2_Control_Config
    lcd.o(.text.LCD_16x2_Init_Simple) refers to lcd.o(.text.LCD_16x2_Entry_Config) for LCD_16x2_Entry_Config
    lcd.o(.text.LCD_16x2_Init_Simple) refers to lcd.o(.text.LCD_16x2_Function_Config) for LCD_16x2_Function_Config
    lcd.o(.ARM.exidx.text.LCD_16x2_Init_Simple) refers to lcd.o(.text.LCD_16x2_Init_Simple) for [Anonymous Symbol]
    lcd.o(.text.LCD_16x2_Init) refers to lcd.o(.text.LCD_16x2_Clear) for LCD_16x2_Clear
    lcd.o(.ARM.exidx.text.LCD_16x2_Init) refers to lcd.o(.text.LCD_16x2_Init) for [Anonymous Symbol]
    lcd.o(.text.LCD_16x2_Control_Config) refers to lcd.o(.text.LCD_16x2_Transmit_Command) for LCD_16x2_Transmit_Command
    lcd.o(.ARM.exidx.text.LCD_16x2_Control_Config) refers to lcd.o(.text.LCD_16x2_Control_Config) for [Anonymous Symbol]
    lcd.o(.text.LCD_16x2_Entry_Config) refers to lcd.o(.text.LCD_16x2_Transmit_Command) for LCD_16x2_Transmit_Command
    lcd.o(.ARM.exidx.text.LCD_16x2_Entry_Config) refers to lcd.o(.text.LCD_16x2_Entry_Config) for [Anonymous Symbol]
    lcd.o(.text.LCD_16x2_Function_Config) refers to lcd.o(.text.LCD_16x2_Transmit_Command) for LCD_16x2_Transmit_Command
    lcd.o(.ARM.exidx.text.LCD_16x2_Function_Config) refers to lcd.o(.text.LCD_16x2_Function_Config) for [Anonymous Symbol]
    lcd.o(.text.LCD_16x2_Clear) refers to lcd.o(.text.LCD_16x2_Transmit_Command) for LCD_16x2_Transmit_Command
    lcd.o(.ARM.exidx.text.LCD_16x2_Clear) refers to lcd.o(.text.LCD_16x2_Clear) for [Anonymous Symbol]
    lcd.o(.text.LCD_16x2_Transmit_Command) refers to lcd.o(.text.LCD_16x2_Enable_OFF) for LCD_16x2_Enable_OFF
    lcd.o(.text.LCD_16x2_Transmit_Command) refers to lcd.o(.text.LCD_16x2_Transmit_Command_HI) for LCD_16x2_Transmit_Command_HI
    lcd.o(.text.LCD_16x2_Transmit_Command) refers to lcd.o(.text.LCD_16x2_Transmit_Command_LO) for LCD_16x2_Transmit_Command_LO
    lcd.o(.text.LCD_16x2_Transmit_Command) refers to lcd.o(.text.LCD_16x2_Transmit_Command_CTRL) for LCD_16x2_Transmit_Command_CTRL
    lcd.o(.text.LCD_16x2_Transmit_Command) refers to lcd.o(.text.LCD_16x2_Enable_ON) for LCD_16x2_Enable_ON
    lcd.o(.text.LCD_16x2_Transmit_Command) refers to systick_delay.o(.text.delayNms) for delayNms
    lcd.o(.ARM.exidx.text.LCD_16x2_Transmit_Command) refers to lcd.o(.text.LCD_16x2_Transmit_Command) for [Anonymous Symbol]
    lcd.o(.text.LCD_16x2_Return) refers to lcd.o(.text.LCD_16x2_Transmit_Command) for LCD_16x2_Transmit_Command
    lcd.o(.ARM.exidx.text.LCD_16x2_Return) refers to lcd.o(.text.LCD_16x2_Return) for [Anonymous Symbol]
    lcd.o(.text.LCD_16x2_Cursor_Shift) refers to lcd.o(.text.LCD_16x2_Transmit_Command) for LCD_16x2_Transmit_Command
    lcd.o(.ARM.exidx.text.LCD_16x2_Cursor_Shift) refers to lcd.o(.text.LCD_16x2_Cursor_Shift) for [Anonymous Symbol]
    lcd.o(.text.LCD_16x2_Set_DDRAM) refers to lcd.o(.text.LCD_16x2_Transmit_Command) for LCD_16x2_Transmit_Command
    lcd.o(.ARM.exidx.text.LCD_16x2_Set_DDRAM) refers to lcd.o(.text.LCD_16x2_Set_DDRAM) for [Anonymous Symbol]
    lcd.o(.text.LCD_16x2_Shift_Display) refers to lcd.o(.text.LCD_16x2_Transmit_Command) for LCD_16x2_Transmit_Command
    lcd.o(.ARM.exidx.text.LCD_16x2_Shift_Display) refers to lcd.o(.text.LCD_16x2_Shift_Display) for [Anonymous Symbol]
    lcd.o(.text.LCD_16x2_Write_Character) refers to lcd.o(.text.LCD_16x2_Transmit_Command) for LCD_16x2_Transmit_Command
    lcd.o(.ARM.exidx.text.LCD_16x2_Write_Character) refers to lcd.o(.text.LCD_16x2_Write_Character) for [Anonymous Symbol]
    lcd.o(.text.LCD_16x2_Write_Row_1) refers to lcd.o(.text.LCD_16x2_Set_DDRAM) for LCD_16x2_Set_DDRAM
    lcd.o(.text.LCD_16x2_Write_Row_1) refers to strlen.o(.text) for strlen
    lcd.o(.text.LCD_16x2_Write_Row_1) refers to lcd.o(.text.LCD_16x2_Write_Character) for LCD_16x2_Write_Character
    lcd.o(.ARM.exidx.text.LCD_16x2_Write_Row_1) refers to lcd.o(.text.LCD_16x2_Write_Row_1) for [Anonymous Symbol]
    lcd.o(.text.LCD_16x2_Write_Row_2) refers to lcd.o(.text.LCD_16x2_Set_DDRAM) for LCD_16x2_Set_DDRAM
    lcd.o(.text.LCD_16x2_Write_Row_2) refers to strlen.o(.text) for strlen
    lcd.o(.text.LCD_16x2_Write_Row_2) refers to lcd.o(.text.LCD_16x2_Write_Character) for LCD_16x2_Write_Character
    lcd.o(.ARM.exidx.text.LCD_16x2_Write_Row_2) refers to lcd.o(.text.LCD_16x2_Write_Row_2) for [Anonymous Symbol]
    lcd.o(.ARM.exidx.text.LCD_16x2_Enable_OFF) refers to lcd.o(.text.LCD_16x2_Enable_OFF) for [Anonymous Symbol]
    lcd.o(.ARM.exidx.text.LCD_16x2_Transmit_Command_HI) refers to lcd.o(.text.LCD_16x2_Transmit_Command_HI) for [Anonymous Symbol]
    lcd.o(.ARM.exidx.text.LCD_16x2_Transmit_Command_LO) refers to lcd.o(.text.LCD_16x2_Transmit_Command_LO) for [Anonymous Symbol]
    lcd.o(.ARM.exidx.text.LCD_16x2_Transmit_Command_CTRL) refers to lcd.o(.text.LCD_16x2_Transmit_Command_CTRL) for [Anonymous Symbol]
    lcd.o(.ARM.exidx.text.LCD_16x2_Enable_ON) refers to lcd.o(.text.LCD_16x2_Enable_ON) for [Anonymous Symbol]
    lcd.o(.text.LCD_16x2_Test_ABCD) refers to lcd.o(.text.LCD_16x2_Write_Character) for LCD_16x2_Write_Character
    lcd.o(.ARM.exidx.text.LCD_16x2_Test_ABCD) refers to lcd.o(.text.LCD_16x2_Test_ABCD) for [Anonymous Symbol]
    lcd.o(.text.LCD_16x2_Test_HelloWorld) refers to lcd.o(.rodata.str1.1) for .L.str
    lcd.o(.text.LCD_16x2_Test_HelloWorld) refers to lcd.o(.text.LCD_16x2_Write_Row_1) for LCD_16x2_Write_Row_1
    lcd.o(.ARM.exidx.text.LCD_16x2_Test_HelloWorld) refers to lcd.o(.text.LCD_16x2_Test_HelloWorld) for [Anonymous Symbol]
    lcd.o(.text.LCD_16x2_Test_Morbius) refers to lcd.o(.rodata.str1.1) for .L.str.1
    lcd.o(.text.LCD_16x2_Test_Morbius) refers to lcd.o(.text.LCD_16x2_Write_Row_1) for LCD_16x2_Write_Row_1
    lcd.o(.text.LCD_16x2_Test_Morbius) refers to lcd.o(.text.LCD_16x2_Write_Row_2) for LCD_16x2_Write_Row_2
    lcd.o(.ARM.exidx.text.LCD_16x2_Test_Morbius) refers to lcd.o(.text.LCD_16x2_Test_Morbius) for [Anonymous Symbol]
    measurementofdistance.o(.text.Convert) refers to dflt_clz.o(x$fpl$dfltu) for __aeabi_ui2d
    measurementofdistance.o(.text.Convert) refers to dmul.o(x$fpl$dmul) for __aeabi_dmul
    measurementofdistance.o(.text.Convert) refers to dfixu.o(x$fpl$dfixu) for __aeabi_d2uiz
    measurementofdistance.o(.ARM.exidx.text.Convert) refers to measurementofdistance.o(.text.Convert) for [Anonymous Symbol]
    measurementofdistance.o(.text.UART_ConvertRotation) refers to measurementofdistance.o(.bss.String) for String
    measurementofdistance.o(.ARM.exidx.text.UART_ConvertRotation) refers to measurementofdistance.o(.text.UART_ConvertRotation) for [Anonymous Symbol]
    measurementofdistance.o(.text.main) refers to systick.o(.text.SysTick_Init) for SysTick_Init
    measurementofdistance.o(.text.main) refers to lcd.o(.text.LCD_16x2_Init_Simple) for LCD_16x2_Init_Simple
    measurementofdistance.o(.text.main) refers to adc.o(.text.ADC0_Init) for ADC0_Init
    measurementofdistance.o(.text.main) refers to lcd.o(.text.LCD_16x2_Clear) for LCD_16x2_Clear
    measurementofdistance.o(.text.main) refers to lcd.o(.text.LCD_16x2_Test_HelloWorld) for LCD_16x2_Test_HelloWorld
    measurementofdistance.o(.text.main) refers to systick_delay.o(.text.delayNms) for delayNms
    measurementofdistance.o(.text.main) refers to lcd.o(.text.LCD_16x2_Test_Morbius) for LCD_16x2_Test_Morbius
    measurementofdistance.o(.text.main) refers to measurementofdistance.o(.bss.Flag) for Flag
    measurementofdistance.o(.text.main) refers to measurementofdistance.o(.bss.Distance) for Distance
    measurementofdistance.o(.text.main) refers to measurementofdistance.o(.text.Convert) for Convert
    measurementofdistance.o(.text.main) refers to measurementofdistance.o(.text.UART_ConvertRotation) for UART_ConvertRotation
    measurementofdistance.o(.text.main) refers to measurementofdistance.o(.bss.String) for String
    measurementofdistance.o(.text.main) refers to lcd.o(.text.LCD_16x2_Write_Row_1) for LCD_16x2_Write_Row_1
    measurementofdistance.o(.ARM.exidx.text.main) refers to measurementofdistance.o(.text.main) for [Anonymous Symbol]
    systick.o(.ARM.exidx.text.SysTick_Init) refers to systick.o(.text.SysTick_Init) for [Anonymous Symbol]
    systick.o(.text.SysTick_Handler) refers to adc.o(.text.getAdcCount) for getAdcCount
    systick.o(.text.SysTick_Handler) refers to adc.o(.text.setAdcCount) for setAdcCount
    systick.o(.text.SysTick_Handler) refers to systick_delay.o(.text.getSysTickCount) for getSysTickCount
    systick.o(.text.SysTick_Handler) refers to systick_delay.o(.text.setSysTickCount) for setSysTickCount
    systick.o(.text.SysTick_Handler) refers to adc.o(.text.getAdcFlag) for getAdcFlag
    systick.o(.text.SysTick_Handler) refers to adc.o(.text.ADC0_In) for ADC0_In
    systick.o(.text.SysTick_Handler) refers to measurementofdistance.o(.bss.Distance) for Distance
    systick.o(.text.SysTick_Handler) refers to measurementofdistance.o(.bss.Flag) for Flag
    systick.o(.text.SysTick_Handler) refers to systick_delay.o(.text.getSysTickFlag) for getSysTickFlag
    systick.o(.text.SysTick_Handler) refers to systick_delay.o(.text.setSysTickFlag) for setSysTickFlag
    systick.o(.ARM.exidx.text.SysTick_Handler) refers to systick.o(.text.SysTick_Handler) for [Anonymous Symbol]
    systick_delay.o(.text.delayNms) refers to systick_delay.o(.bss.SysTickCount) for SysTickCount
    systick_delay.o(.text.delayNms) refers to systick_delay.o(.text.setSysTickFlag) for setSysTickFlag
    systick_delay.o(.text.delayNms) refers to systick_delay.o(.text.getSysTickFlag) for getSysTickFlag
    systick_delay.o(.ARM.exidx.text.delayNms) refers to systick_delay.o(.text.delayNms) for [Anonymous Symbol]
    systick_delay.o(.text.setSysTickFlag) refers to systick_delay.o(.bss.SysTickFlag) for SysTickFlag
    systick_delay.o(.ARM.exidx.text.setSysTickFlag) refers to systick_delay.o(.text.setSysTickFlag) for [Anonymous Symbol]
    systick_delay.o(.text.getSysTickCount) refers to systick_delay.o(.bss.SysTickCount) for SysTickCount
    systick_delay.o(.ARM.exidx.text.getSysTickCount) refers to systick_delay.o(.text.getSysTickCount) for [Anonymous Symbol]
    systick_delay.o(.text.setSysTickCount) refers to systick_delay.o(.bss.SysTickCount) for SysTickCount
    systick_delay.o(.ARM.exidx.text.setSysTickCount) refers to systick_delay.o(.text.setSysTickCount) for [Anonymous Symbol]
    systick_delay.o(.text.getSysTickFlag) refers to systick_delay.o(.bss.SysTickFlag) for SysTickFlag
    systick_delay.o(.ARM.exidx.text.getSysTickFlag) refers to systick_delay.o(.text.getSysTickFlag) for [Anonymous Symbol]
    startup_tm4c123.o(STACK) refers (Special) to heapauxi.o(.text) for __use_two_region_memory
    startup_tm4c123.o(HEAP) refers (Special) to heapauxi.o(.text) for __use_two_region_memory
    startup_tm4c123.o(RESET) refers (Special) to heapauxi.o(.text) for __use_two_region_memory
    startup_tm4c123.o(RESET) refers to startup_tm4c123.o(STACK) for __initial_sp
    startup_tm4c123.o(RESET) refers to startup_tm4c123.o(.text) for Reset_Handler
    startup_tm4c123.o(RESET) refers to systick.o(.text.SysTick_Handler) for SysTick_Handler
    startup_tm4c123.o(.text) refers (Special) to heapauxi.o(.text) for __use_two_region_memory
    startup_tm4c123.o(.text) refers to system_tm4c123.o(.text.SystemInit) for SystemInit
    startup_tm4c123.o(.text) refers to __main.o(!!!main) for __main
    startup_tm4c123.o(.text) refers to startup_tm4c123.o(HEAP) for Heap_Mem
    startup_tm4c123.o(.text) refers to startup_tm4c123.o(STACK) for Stack_Mem
    system_tm4c123.o(.text.SystemCoreClockUpdate) refers to system_tm4c123.o(.text.getOscClk) for getOscClk
    system_tm4c123.o(.text.SystemCoreClockUpdate) refers to system_tm4c123.o(.data.SystemCoreClock) for SystemCoreClock
    system_tm4c123.o(.ARM.exidx.text.SystemCoreClockUpdate) refers to system_tm4c123.o(.text.SystemCoreClockUpdate) for [Anonymous Symbol]
    system_tm4c123.o(.ARM.exidx.text.getOscClk) refers to system_tm4c123.o(.text.getOscClk) for [Anonymous Symbol]
    system_tm4c123.o(.ARM.exidx.text.SystemInit) refers to system_tm4c123.o(.text.SystemInit) for [Anonymous Symbol]
    __main.o(!!!main) refers to __rtentry.o(.ARM.Collect$$rtentry$$00000000) for __rt_entry
    dfixu.o(x$fpl$dfixu) refers (Special) to usenofp.o(x$fpl$usenofp) for __I$use$fp
    dfixu.o(x$fpl$dfixu) refers to dnaninf.o(x$fpl$dnaninf) for __fpl_dnaninf
    dfixu.o(x$fpl$dfixur) refers (Special) to usenofp.o(x$fpl$usenofp) for __I$use$fp
    dfixu.o(x$fpl$dfixur) refers to dnaninf.o(x$fpl$dnaninf) for __fpl_dnaninf
    dflt_clz.o(x$fpl$dfltu) refers (Special) to usenofp.o(x$fpl$usenofp) for __I$use$fp
    dflt_clz.o(x$fpl$dflt) refers (Special) to usenofp.o(x$fpl$usenofp) for __I$use$fp
    dflt_clz.o(x$fpl$dfltn) refers (Special) to usenofp.o(x$fpl$usenofp) for __I$use$fp
    dmul.o(x$fpl$dmul) refers (Special) to usenofp.o(x$fpl$usenofp) for __I$use$fp
    dmul.o(x$fpl$dmul) refers to dretinf.o(x$fpl$dretinf) for __fpl_dretinf
    dmul.o(x$fpl$dmul) refers to dnaninf.o(x$fpl$dnaninf) for __fpl_dnaninf
    __rtentry.o(.ARM.Collect$$rtentry$$00000000) refers (Special) to __rtentry2.o(.ARM.Collect$$rtentry$$0000000A) for __rt_entry_li
    __rtentry.o(.ARM.Collect$$rtentry$$00000000) refers (Special) to __rtentry2.o(.ARM.Collect$$rtentry$$0000000D) for __rt_entry_main
    __rtentry.o(.ARM.Collect$$rtentry$$00000000) refers (Special) to __rtentry2.o(.ARM.Collect$$rtentry$$0000000C) for __rt_entry_postli_1
    __rtentry.o(.ARM.Collect$$rtentry$$00000000) refers (Special) to __rtentry2.o(.ARM.Collect$$rtentry$$00000009) for __rt_entry_postsh_1
    __rtentry.o(.ARM.Collect$$rtentry$$00000000) refers (Special) to __rtentry2.o(.ARM.Collect$$rtentry$$00000002) for __rt_entry_presh_1
    __rtentry.o(.ARM.Collect$$rtentry$$00000000) refers (Special) to __rtentry4.o(.ARM.Collect$$rtentry$$00000004) for __rt_entry_sh
    dnaninf.o(x$fpl$dnaninf) refers (Special) to usenofp.o(x$fpl$usenofp) for __I$use$fp
    dretinf.o(x$fpl$dretinf) refers (Special) to usenofp.o(x$fpl$usenofp) for __I$use$fp
    __rtentry2.o(.ARM.Collect$$rtentry$$00000008) refers to boardinit2.o(.text) for _platform_post_stackheap_init
    __rtentry2.o(.ARM.Collect$$rtentry$$0000000A) refers to libinit.o(.ARM.Collect$$libinit$$00000000) for __rt_lib_init
    __rtentry2.o(.ARM.Collect$$rtentry$$0000000B) refers to boardinit3.o(.text) for _platform_post_lib_init
    __rtentry2.o(.ARM.Collect$$rtentry$$0000000D) refers to measurementofdistance.o(.text.main) for main
    __rtentry2.o(.ARM.Collect$$rtentry$$0000000D) refers to exit.o(.text) for exit
    __rtentry2.o(.ARM.exidx) refers to __rtentry2.o(.ARM.Collect$$rtentry$$00000001) for .ARM.Collect$$rtentry$$00000001
    __rtentry2.o(.ARM.exidx) refers to __rtentry2.o(.ARM.Collect$$rtentry$$00000008) for .ARM.Collect$$rtentry$$00000008
    __rtentry2.o(.ARM.exidx) refers to __rtentry2.o(.ARM.Collect$$rtentry$$0000000A) for .ARM.Collect$$rtentry$$0000000A
    __rtentry2.o(.ARM.exidx) refers to __rtentry2.o(.ARM.Collect$$rtentry$$0000000B) for .ARM.Collect$$rtentry$$0000000B
    __rtentry2.o(.ARM.exidx) refers to __rtentry2.o(.ARM.Collect$$rtentry$$0000000D) for .ARM.Collect$$rtentry$$0000000D
    __rtentry4.o(.ARM.Collect$$rtentry$$00000004) refers to sys_stackheap_outer.o(.text) for __user_setup_stackheap
    __rtentry4.o(.ARM.exidx) refers to __rtentry4.o(.ARM.Collect$$rtentry$$00000004) for .ARM.Collect$$rtentry$$00000004
    sys_stackheap_outer.o(.text) refers to libspace.o(.text) for __user_perproc_libspace
    sys_stackheap_outer.o(.text) refers to startup_tm4c123.o(.text) for __user_initial_stackheap
    exit.o(.text) refers to rtexit.o(.ARM.Collect$$rtexit$$00000000) for __rt_exit
    libinit.o(.ARM.Collect$$libinit$$00000000) refers (Special) to libinit2.o(.ARM.Collect$$libinit$$0000002E) for __rt_lib_init_alloca_1
    libinit.o(.ARM.Collect$$libinit$$00000000) refers (Special) to libinit2.o(.ARM.Collect$$libinit$$0000002C) for __rt_lib_init_argv_1
    libinit.o(.ARM.Collect$$libinit$$00000000) refers (Special) to libinit2.o(.ARM.Collect$$libinit$$0000001B) for __rt_lib_init_atexit_1
    libinit.o(.ARM.Collect$$libinit$$00000000) refers (Special) to libinit2.o(.ARM.Collect$$libinit$$00000021) for __rt_lib_init_clock_1
    libinit.o(.ARM.Collect$$libinit$$00000000) refers (Special) to libinit2.o(.ARM.Collect$$libinit$$00000032) for __rt_lib_init_cpp_1
    libinit.o(.ARM.Collect$$libinit$$00000000) refers (Special) to libinit2.o(.ARM.Collect$$libinit$$00000030) for __rt_lib_init_exceptions_1
    libinit.o(.ARM.Collect$$libinit$$00000000) refers (Special) to libinit2.o(.ARM.Collect$$libinit$$00000001) for __rt_lib_init_fp_1
    libinit.o(.ARM.Collect$$libinit$$00000000) refers (Special) to libinit2.o(.ARM.Collect$$libinit$$0000001F) for __rt_lib_init_fp_trap_1
    libinit.o(.ARM.Collect$$libinit$$00000000) refers (Special) to libinit2.o(.ARM.Collect$$libinit$$00000023) for __rt_lib_init_getenv_1
    libinit.o(.ARM.Collect$$libinit$$00000000) refers (Special) to libinit2.o(.ARM.Collect$$libinit$$0000000A) for __rt_lib_init_heap_1
    libinit.o(.ARM.Collect$$libinit$$00000000) refers (Special) to libinit2.o(.ARM.Collect$$libinit$$00000011) for __rt_lib_init_lc_collate_1
    libinit.o(.ARM.Collect$$libinit$$00000000) refers (Special) to libinit2.o(.ARM.Collect$$libinit$$00000013) for __rt_lib_init_lc_ctype_1
    libinit.o(.ARM.Collect$$libinit$$00000000) refers (Special) to libinit2.o(.ARM.Collect$$libinit$$00000015) for __rt_lib_init_lc_monetary_1
    libinit.o(.ARM.Collect$$libinit$$00000000) refers (Special) to libinit2.o(.ARM.Collect$$libinit$$00000017) for __rt_lib_init_lc_numeric_1
    libinit.o(.ARM.Collect$$libinit$$00000000) refers (Special) to libinit2.o(.ARM.Collect$$libinit$$00000019) for __rt_lib_init_lc_time_1
    libinit.o(.ARM.Collect$$libinit$$00000000) refers (Special) to libinit2.o(.ARM.Collect$$libinit$$00000004) for __rt_lib_init_preinit_1
    libinit.o(.ARM.Collect$$libinit$$00000000) refers (Special) to libinit2.o(.ARM.Collect$$libinit$$0000000E) for __rt_lib_init_rand_1
    libinit.o(.ARM.Collect$$libinit$$00000000) refers (Special) to libinit2.o(.ARM.Collect$$libinit$$00000033) for __rt_lib_init_return
    libinit.o(.ARM.Collect$$libinit$$00000000) refers (Special) to libinit2.o(.ARM.Collect$$libinit$$0000001D) for __rt_lib_init_signal_1
    libinit.o(.ARM.Collect$$libinit$$00000000) refers (Special) to libinit2.o(.ARM.Collect$$libinit$$00000025) for __rt_lib_init_stdio_1
    libinit.o(.ARM.Collect$$libinit$$00000000) refers (Special) to libinit2.o(.ARM.Collect$$libinit$$0000000C) for __rt_lib_init_user_alloc_1
    libspace.o(.text) refers to libspace.o(.bss) for __libspace_start
    rtexit.o(.ARM.Collect$$rtexit$$00000000) refers (Special) to rtexit2.o(.ARM.Collect$$rtexit$$00000004) for __rt_exit_exit
    rtexit.o(.ARM.Collect$$rtexit$$00000000) refers (Special) to rtexit2.o(.ARM.Collect$$rtexit$$00000003) for __rt_exit_ls
    rtexit.o(.ARM.Collect$$rtexit$$00000000) refers (Special) to rtexit2.o(.ARM.Collect$$rtexit$$00000002) for __rt_exit_prels_1
    rtexit.o(.ARM.exidx) refers (Special) to rtexit2.o(.ARM.Collect$$rtexit$$00000004) for __rt_exit_exit
    rtexit.o(.ARM.exidx) refers (Special) to rtexit2.o(.ARM.Collect$$rtexit$$00000003) for __rt_exit_ls
    rtexit.o(.ARM.exidx) refers (Special) to rtexit2.o(.ARM.Collect$$rtexit$$00000002) for __rt_exit_prels_1
    rtexit.o(.ARM.exidx) refers to rtexit.o(.ARM.Collect$$rtexit$$00000000) for .ARM.Collect$$rtexit$$00000000
    libinit2.o(.ARM.Collect$$libinit$$00000001) refers to fpinit.o(x$fpl$fpinit) for _fp_init
    libinit2.o(.ARM.Collect$$libinit$$00000010) refers to libinit2.o(.ARM.Collect$$libinit$$0000000F) for .ARM.Collect$$libinit$$0000000F
    libinit2.o(.ARM.Collect$$libinit$$00000012) refers to libinit2.o(.ARM.Collect$$libinit$$0000000F) for .ARM.Collect$$libinit$$0000000F
    libinit2.o(.ARM.Collect$$libinit$$00000014) refers to libinit2.o(.ARM.Collect$$libinit$$0000000F) for .ARM.Collect$$libinit$$0000000F
    libinit2.o(.ARM.Collect$$libinit$$00000016) refers to libinit2.o(.ARM.Collect$$libinit$$0000000F) for .ARM.Collect$$libinit$$0000000F
    libinit2.o(.ARM.Collect$$libinit$$00000018) refers to libinit2.o(.ARM.Collect$$libinit$$0000000F) for .ARM.Collect$$libinit$$0000000F
    libinit2.o(.ARM.Collect$$libinit$$00000026) refers to argv_veneer.o(.emb_text) for __ARM_argv_veneer
    libinit2.o(.ARM.Collect$$libinit$$00000027) refers to argv_veneer.o(.emb_text) for __ARM_argv_veneer
    rtexit2.o(.ARM.Collect$$rtexit$$00000003) refers to libshutdown.o(.ARM.Collect$$libshutdown$$00000000) for __rt_lib_shutdown
    rtexit2.o(.ARM.Collect$$rtexit$$00000004) refers to sys_exit.o(.text) for _sys_exit
    rtexit2.o(.ARM.exidx) refers to rtexit2.o(.ARM.Collect$$rtexit$$00000001) for .ARM.Collect$$rtexit$$00000001
    rtexit2.o(.ARM.exidx) refers to rtexit2.o(.ARM.Collect$$rtexit$$00000003) for .ARM.Collect$$rtexit$$00000003
    rtexit2.o(.ARM.exidx) refers to rtexit2.o(.ARM.Collect$$rtexit$$00000004) for .ARM.Collect$$rtexit$$00000004
    argv_veneer.o(.emb_text) refers to no_argv.o(.text) for __ARM_get_argv
    sys_exit.o(.text) refers (Special) to use_no_semi.o(.text) for __I$use$semihosting
    sys_exit.o(.text) refers (Special) to indicate_semi.o(.text) for __semihosting_library_function
    sys_exit_hlt.o(.text) refers (Special) to use_no_semi.o(.text) for __I$use$semihosting
    sys_exit_hlt.o(.text) refers (Special) to indicate_semi.o(.text) for __semihosting_library_function
    _get_argv_nomalloc.o(.text) refers (Special) to hrguard.o(.text) for __heap_region$guard
    _get_argv_nomalloc.o(.text) refers to defsig_rtmem_outer.o(.text) for __rt_SIGRTMEM
    _get_argv_nomalloc.o(.text) refers to sys_command.o(.text) for _sys_command_string
    libshutdown.o(.ARM.Collect$$libshutdown$$00000000) refers (Special) to libshutdown2.o(.ARM.Collect$$libshutdown$$00000002) for __rt_lib_shutdown_cpp_1
    libshutdown.o(.ARM.Collect$$libshutdown$$00000000) refers (Special) to libshutdown2.o(.ARM.Collect$$libshutdown$$00000007) for __rt_lib_shutdown_fp_trap_1
    libshutdown.o(.ARM.Collect$$libshutdown$$00000000) refers (Special) to libshutdown2.o(.ARM.Collect$$libshutdown$$0000000F) for __rt_lib_shutdown_heap_1
    libshutdown.o(.ARM.Collect$$libshutdown$$00000000) refers (Special) to libshutdown2.o(.ARM.Collect$$libshutdown$$00000010) for __rt_lib_shutdown_return
    libshutdown.o(.ARM.Collect$$libshutdown$$00000000) refers (Special) to libshutdown2.o(.ARM.Collect$$libshutdown$$0000000A) for __rt_lib_shutdown_signal_1
    libshutdown.o(.ARM.Collect$$libshutdown$$00000000) refers (Special) to libshutdown2.o(.ARM.Collect$$libshutdown$$00000004) for __rt_lib_shutdown_stdio_1
    libshutdown.o(.ARM.Collect$$libshutdown$$00000000) refers (Special) to libshutdown2.o(.ARM.Collect$$libshutdown$$0000000C) for __rt_lib_shutdown_user_alloc_1
    sys_command.o(.text) refers (Special) to use_no_semi.o(.text) for __I$use$semihosting
    sys_command.o(.text) refers (Special) to indicate_semi.o(.text) for __semihosting_library_function
    sys_command_hlt.o(.text) refers (Special) to use_no_semi.o(.text) for __I$use$semihosting
    sys_command_hlt.o(.text) refers (Special) to indicate_semi.o(.text) for __semihosting_library_function
    defsig_rtmem_outer.o(.text) refers to defsig_rtmem_inner.o(.text) for __rt_SIGRTMEM_inner
    defsig_rtmem_outer.o(.text) refers to defsig_exit.o(.text) for __sig_exit
    defsig_rtmem_formal.o(.text) refers to rt_raise.o(.text) for __rt_raise
    rt_raise.o(.text) refers to __raise.o(.text) for __raise
    rt_raise.o(.text) refers to sys_exit.o(.text) for _sys_exit
    defsig_exit.o(.text) refers to sys_exit.o(.text) for _sys_exit
    defsig_rtmem_inner.o(.text) refers to defsig_general.o(.text) for __default_signal_display
    __raise.o(.text) refers to defsig.o(CL$$defsig) for __default_signal_handler
    defsig_general.o(.text) refers to sys_wrch.o(.text) for _ttywrch
    sys_wrch.o(.text) refers (Special) to use_no_semi.o(.text) for __I$use$semihosting
    sys_wrch.o(.text) refers (Special) to indicate_semi.o(.text) for __semihosting_library_function
    sys_wrch_hlt.o(.text) refers (Special) to use_no_semi.o(.text) for __I$use$semihosting
    sys_wrch_hlt.o(.text) refers (Special) to indicate_semi.o(.text) for __semihosting_library_function
    defsig.o(CL$$defsig) refers to defsig_rtmem_inner.o(.text) for __rt_SIGRTMEM_inner
    defsig_abrt_inner.o(.text) refers to defsig_general.o(.text) for __default_signal_display
    defsig_fpe_inner.o(.text) refers to defsig_general.o(.text) for __default_signal_display
    defsig_rtred_inner.o(.text) refers to defsig_general.o(.text) for __default_signal_display
    defsig_stak_inner.o(.text) refers to defsig_general.o(.text) for __default_signal_display
    defsig_pvfn_inner.o(.text) refers to defsig_general.o(.text) for __default_signal_display
    defsig_cppl_inner.o(.text) refers to defsig_general.o(.text) for __default_signal_display
    defsig_segv_inner.o(.text) refers to defsig_general.o(.text) for __default_signal_display
    defsig_other.o(.text) refers to defsig_general.o(.text) for __default_signal_display


==============================================================================

Removing Unused input sections from the image.

    Removing adc.o(.text), (0 bytes).
    Removing adc.o(.ARM.exidx.text.ADC0_Init), (8 bytes).
    Removing adc.o(.ARM.exidx.text.setAdcCount), (8 bytes).
    Removing adc.o(.ARM.exidx.text.setAdcFlag), (8 bytes).
    Removing adc.o(.ARM.exidx.text.getAdcCount), (8 bytes).
    Removing adc.o(.ARM.exidx.text.getAdcFlag), (8 bytes).
    Removing adc.o(.ARM.exidx.text.ADC0_In), (8 bytes).
    Removing lcd.o(.text), (0 bytes).
    Removing lcd.o(.ARM.exidx.text.LCD_16x2_Init_Simple), (8 bytes).
    Removing lcd.o(.ARM.exidx.text.LCD_16x2_Init), (8 bytes).
    Removing lcd.o(.ARM.exidx.text.LCD_16x2_Control_Config), (8 bytes).
    Removing lcd.o(.ARM.exidx.text.LCD_16x2_Entry_Config), (8 bytes).
    Removing lcd.o(.ARM.exidx.text.LCD_16x2_Function_Config), (8 bytes).
    Removing lcd.o(.ARM.exidx.text.LCD_16x2_Clear), (8 bytes).
    Removing lcd.o(.ARM.exidx.text.LCD_16x2_Transmit_Command), (8 bytes).
    Removing lcd.o(.text.LCD_16x2_Return), (32 bytes).
    Removing lcd.o(.ARM.exidx.text.LCD_16x2_Return), (8 bytes).
    Removing lcd.o(.text.LCD_16x2_Cursor_Shift), (52 bytes).
    Removing lcd.o(.ARM.exidx.text.LCD_16x2_Cursor_Shift), (8 bytes).
    Removing lcd.o(.ARM.exidx.text.LCD_16x2_Set_DDRAM), (8 bytes).
    Removing lcd.o(.text.LCD_16x2_Shift_Display), (52 bytes).
    Removing lcd.o(.ARM.exidx.text.LCD_16x2_Shift_Display), (8 bytes).
    Removing lcd.o(.ARM.exidx.text.LCD_16x2_Write_Character), (8 bytes).
    Removing lcd.o(.ARM.exidx.text.LCD_16x2_Write_Row_1), (8 bytes).
    Removing lcd.o(.ARM.exidx.text.LCD_16x2_Write_Row_2), (8 bytes).
    Removing lcd.o(.ARM.exidx.text.LCD_16x2_Enable_OFF), (8 bytes).
    Removing lcd.o(.ARM.exidx.text.LCD_16x2_Transmit_Command_HI), (8 bytes).
    Removing lcd.o(.ARM.exidx.text.LCD_16x2_Transmit_Command_LO), (8 bytes).
    Removing lcd.o(.ARM.exidx.text.LCD_16x2_Transmit_Command_CTRL), (8 bytes).
    Removing lcd.o(.ARM.exidx.text.LCD_16x2_Enable_ON), (8 bytes).
    Removing lcd.o(.text.LCD_16x2_Test_ABCD), (28 bytes).
    Removing lcd.o(.ARM.exidx.text.LCD_16x2_Test_ABCD), (8 bytes).
    Removing lcd.o(.ARM.exidx.text.LCD_16x2_Test_HelloWorld), (8 bytes).
    Removing lcd.o(.ARM.exidx.text.LCD_16x2_Test_Morbius), (8 bytes).
    Removing measurementofdistance.o(.text), (0 bytes).
    Removing measurementofdistance.o(.ARM.exidx.text.Convert), (8 bytes).
    Removing measurementofdistance.o(.ARM.exidx.text.UART_ConvertRotation), (8 bytes).
    Removing measurementofdistance.o(.ARM.exidx.text.main), (8 bytes).
    Removing measurementofdistance.o(.bss.TimerFlag), (4 bytes).
    Removing measurementofdistance.o(.ARM.use_no_argv), (4 bytes).
    Removing systick.o(.text), (0 bytes).
    Removing systick.o(.ARM.exidx.text.SysTick_Init), (8 bytes).
    Removing systick.o(.ARM.exidx.text.SysTick_Handler), (8 bytes).
    Removing systick_delay.o(.text), (0 bytes).
    Removing systick_delay.o(.ARM.exidx.text.delayNms), (8 bytes).
    Removing systick_delay.o(.ARM.exidx.text.setSysTickFlag), (8 bytes).
    Removing systick_delay.o(.ARM.exidx.text.getSysTickCount), (8 bytes).
    Removing systick_delay.o(.ARM.exidx.text.setSysTickCount), (8 bytes).
    Removing systick_delay.o(.ARM.exidx.text.getSysTickFlag), (8 bytes).
    Removing system_tm4c123.o(.text), (0 bytes).
    Removing system_tm4c123.o(.text.SystemCoreClockUpdate), (326 bytes).
    Removing system_tm4c123.o(.ARM.exidx.text.SystemCoreClockUpdate), (8 bytes).
    Removing system_tm4c123.o(.text.getOscClk), (360 bytes).
    Removing system_tm4c123.o(.ARM.exidx.text.getOscClk), (8 bytes).
    Removing system_tm4c123.o(.ARM.exidx.text.SystemInit), (8 bytes).
    Removing system_tm4c123.o(.data.SystemCoreClock), (4 bytes).

56 unused section(s) (total 1190 bytes) removed from the image.

==============================================================================

Image Symbol Table

    Local Symbols

    Symbol Name                              Value     Ov Type        Size  Object(Section)

    ../clib/angel/boardlib.s                 0x00000000   Number         0  boardinit1.o ABSOLUTE
    ../clib/angel/boardlib.s                 0x00000000   Number         0  boardinit2.o ABSOLUTE
    ../clib/angel/boardlib.s                 0x00000000   Number         0  boardinit3.o ABSOLUTE
    ../clib/angel/boardlib.s                 0x00000000   Number         0  boardshut.o ABSOLUTE
    ../clib/angel/handlers.s                 0x00000000   Number         0  __scatter_zi.o ABSOLUTE
    ../clib/angel/kernel.s                   0x00000000   Number         0  __rtentry.o ABSOLUTE
    ../clib/angel/kernel.s                   0x00000000   Number         0  __rtentry2.o ABSOLUTE
    ../clib/angel/kernel.s                   0x00000000   Number         0  __rtentry4.o ABSOLUTE
    ../clib/angel/kernel.s                   0x00000000   Number         0  rtexit.o ABSOLUTE
    ../clib/angel/kernel.s                   0x00000000   Number         0  rtexit2.o ABSOLUTE
    ../clib/angel/rt.s                       0x00000000   Number         0  rt_raise.o ABSOLUTE
    ../clib/angel/scatter.s                  0x00000000   Number         0  __scatter.o ABSOLUTE
    ../clib/angel/startup.s                  0x00000000   Number         0  __main.o ABSOLUTE
    ../clib/angel/sys.s                      0x00000000   Number         0  sys_stackheap_outer.o ABSOLUTE
    ../clib/angel/sys.s                      0x00000000   Number         0  libspace.o ABSOLUTE
    ../clib/angel/sys.s                      0x00000000   Number         0  use_no_semi.o ABSOLUTE
    ../clib/angel/sys.s                      0x00000000   Number         0  indicate_semi.o ABSOLUTE
    ../clib/angel/sysapp.c                   0x00000000   Number         0  sys_exit.o ABSOLUTE
    ../clib/angel/sysapp.c                   0x00000000   Number         0  sys_exit_hlt.o ABSOLUTE
    ../clib/angel/sysapp.c                   0x00000000   Number         0  sys_command.o ABSOLUTE
    ../clib/angel/sysapp.c                   0x00000000   Number         0  sys_command_hlt.o ABSOLUTE
    ../clib/angel/sysapp.c                   0x00000000   Number         0  sys_wrch.o ABSOLUTE
    ../clib/angel/sysapp.c                   0x00000000   Number         0  sys_wrch_hlt.o ABSOLUTE
    ../clib/armsys.c                         0x00000000   Number         0  argv_veneer.o ABSOLUTE
    ../clib/armsys.c                         0x00000000   Number         0  argv_veneer.o ABSOLUTE
    ../clib/armsys.c                         0x00000000   Number         0  _get_argv_nomalloc.o ABSOLUTE
    ../clib/armsys.c                         0x00000000   Number         0  no_argv.o ABSOLUTE
    ../clib/heapalloc.c                      0x00000000   Number         0  hrguard.o ABSOLUTE
    ../clib/heapaux.c                        0x00000000   Number         0  heapauxi.o ABSOLUTE
    ../clib/libinit.s                        0x00000000   Number         0  libinit.o ABSOLUTE
    ../clib/libinit.s                        0x00000000   Number         0  libinit2.o ABSOLUTE
    ../clib/libinit.s                        0x00000000   Number         0  libshutdown.o ABSOLUTE
    ../clib/libinit.s                        0x00000000   Number         0  libshutdown2.o ABSOLUTE
    ../clib/signal.c                         0x00000000   Number         0  defsig_rtmem_outer.o ABSOLUTE
    ../clib/signal.c                         0x00000000   Number         0  defsig_rtmem_formal.o ABSOLUTE
    ../clib/signal.c                         0x00000000   Number         0  defsig_exit.o ABSOLUTE
    ../clib/signal.c                         0x00000000   Number         0  defsig_rtmem_inner.o ABSOLUTE
    ../clib/signal.c                         0x00000000   Number         0  __raise.o ABSOLUTE
    ../clib/signal.c                         0x00000000   Number         0  defsig_general.o ABSOLUTE
    ../clib/signal.c                         0x00000000   Number         0  defsig_abrt_inner.o ABSOLUTE
    ../clib/signal.c                         0x00000000   Number         0  defsig_fpe_inner.o ABSOLUTE
    ../clib/signal.c                         0x00000000   Number         0  defsig_rtred_inner.o ABSOLUTE
    ../clib/signal.c                         0x00000000   Number         0  defsig_stak_inner.o ABSOLUTE
    ../clib/signal.c                         0x00000000   Number         0  defsig_pvfn_inner.o ABSOLUTE
    ../clib/signal.c                         0x00000000   Number         0  defsig_cppl_inner.o ABSOLUTE
    ../clib/signal.c                         0x00000000   Number         0  defsig_segv_inner.o ABSOLUTE
    ../clib/signal.c                         0x00000000   Number         0  defsig_other.o ABSOLUTE
    ../clib/signal.s                         0x00000000   Number         0  defsig.o ABSOLUTE
    ../clib/stdlib.c                         0x00000000   Number         0  exit.o ABSOLUTE
    ../clib/string.c                         0x00000000   Number         0  strlen.o ABSOLUTE
    ../fplib/dfixu.s                         0x00000000   Number         0  dfixu.o ABSOLUTE
    ../fplib/dflt.s                          0x00000000   Number         0  dflt_clz.o ABSOLUTE
    ../fplib/dmul.s                          0x00000000   Number         0  dmul.o ABSOLUTE
    ../fplib/dnaninf.s                       0x00000000   Number         0  dnaninf.o ABSOLUTE
    ../fplib/dretinf.s                       0x00000000   Number         0  dretinf.o ABSOLUTE
    ../fplib/fpinit.s                        0x00000000   Number         0  fpinit.o ABSOLUTE
    ../fplib/usenofp.s                       0x00000000   Number         0  usenofp.o ABSOLUTE
    ADC.c                                    0x00000000   Number         0  adc.o ABSOLUTE
    MeasurementOfDistance.c                  0x00000000   Number         0  measurementofdistance.o ABSOLUTE
    RTE/Device/TM4C123GH6PM/startup_TM4C123.s 0x00000000   Number         0  startup_tm4c123.o ABSOLUTE
    dc.s                                     0x00000000   Number         0  dc.o ABSOLUTE
    lcd.c                                    0x00000000   Number         0  lcd.o ABSOLUTE
    system_TM4C123.c                         0x00000000   Number         0  system_tm4c123.o ABSOLUTE
    systick.c                                0x00000000   Number         0  systick.o ABSOLUTE
    systick_delay.c                          0x00000000   Number         0  systick_delay.o ABSOLUTE
    RESET                                    0x00000000   Section      620  startup_tm4c123.o(RESET)
    !!!main                                  0x0000026c   Section        8  __main.o(!!!main)
    !!!scatter                               0x00000274   Section       52  __scatter.o(!!!scatter)
    !!handler_zi                             0x000002a8   Section       28  __scatter_zi.o(!!handler_zi)
    .ARM.Collect$$libinit$$00000000          0x000002c4   Section        2  libinit.o(.ARM.Collect$$libinit$$00000000)
    .ARM.Collect$$libinit$$00000001          0x000002c6   Section        4  libinit2.o(.ARM.Collect$$libinit$$00000001)
    .ARM.Collect$$libinit$$00000004          0x000002ca   Section        0  libinit2.o(.ARM.Collect$$libinit$$00000004)
    .ARM.Collect$$libinit$$0000000A          0x000002ca   Section        0  libinit2.o(.ARM.Collect$$libinit$$0000000A)
    .ARM.Collect$$libinit$$0000000C          0x000002ca   Section        0  libinit2.o(.ARM.Collect$$libinit$$0000000C)
    .ARM.Collect$$libinit$$0000000E          0x000002ca   Section        0  libinit2.o(.ARM.Collect$$libinit$$0000000E)
    .ARM.Collect$$libinit$$00000011          0x000002ca   Section        0  libinit2.o(.ARM.Collect$$libinit$$00000011)
    .ARM.Collect$$libinit$$00000013          0x000002ca   Section        0  libinit2.o(.ARM.Collect$$libinit$$00000013)
    .ARM.Collect$$libinit$$00000015          0x000002ca   Section        0  libinit2.o(.ARM.Collect$$libinit$$00000015)
    .ARM.Collect$$libinit$$00000017          0x000002ca   Section        0  libinit2.o(.ARM.Collect$$libinit$$00000017)
    .ARM.Collect$$libinit$$00000019          0x000002ca   Section        0  libinit2.o(.ARM.Collect$$libinit$$00000019)
    .ARM.Collect$$libinit$$0000001B          0x000002ca   Section        0  libinit2.o(.ARM.Collect$$libinit$$0000001B)
    .ARM.Collect$$libinit$$0000001D          0x000002ca   Section        0  libinit2.o(.ARM.Collect$$libinit$$0000001D)
    .ARM.Collect$$libinit$$0000001F          0x000002ca   Section        0  libinit2.o(.ARM.Collect$$libinit$$0000001F)
    .ARM.Collect$$libinit$$00000021          0x000002ca   Section        0  libinit2.o(.ARM.Collect$$libinit$$00000021)
    .ARM.Collect$$libinit$$00000023          0x000002ca   Section        0  libinit2.o(.ARM.Collect$$libinit$$00000023)
    .ARM.Collect$$libinit$$00000025          0x000002ca   Section        0  libinit2.o(.ARM.Collect$$libinit$$00000025)
    .ARM.Collect$$libinit$$0000002C          0x000002ca   Section        0  libinit2.o(.ARM.Collect$$libinit$$0000002C)
    .ARM.Collect$$libinit$$0000002E          0x000002ca   Section        0  libinit2.o(.ARM.Collect$$libinit$$0000002E)
    .ARM.Collect$$libinit$$00000030          0x000002ca   Section        0  libinit2.o(.ARM.Collect$$libinit$$00000030)
    .ARM.Collect$$libinit$$00000032          0x000002ca   Section        0  libinit2.o(.ARM.Collect$$libinit$$00000032)
    .ARM.Collect$$libinit$$00000033          0x000002ca   Section        2  libinit2.o(.ARM.Collect$$libinit$$00000033)
    .ARM.Collect$$libshutdown$$00000000      0x000002cc   Section        2  libshutdown.o(.ARM.Collect$$libshutdown$$00000000)
    .ARM.Collect$$libshutdown$$00000002      0x000002ce   Section        0  libshutdown2.o(.ARM.Collect$$libshutdown$$00000002)
    .ARM.Collect$$libshutdown$$00000004      0x000002ce   Section        0  libshutdown2.o(.ARM.Collect$$libshutdown$$00000004)
    .ARM.Collect$$libshutdown$$00000007      0x000002ce   Section        0  libshutdown2.o(.ARM.Collect$$libshutdown$$00000007)
    .ARM.Collect$$libshutdown$$0000000A      0x000002ce   Section        0  libshutdown2.o(.ARM.Collect$$libshutdown$$0000000A)
    .ARM.Collect$$libshutdown$$0000000C      0x000002ce   Section        0  libshutdown2.o(.ARM.Collect$$libshutdown$$0000000C)
    .ARM.Collect$$libshutdown$$0000000F      0x000002ce   Section        0  libshutdown2.o(.ARM.Collect$$libshutdown$$0000000F)
    .ARM.Collect$$libshutdown$$00000010      0x000002ce   Section        2  libshutdown2.o(.ARM.Collect$$libshutdown$$00000010)
    .ARM.Collect$$rtentry$$00000000          0x000002d0   Section        0  __rtentry.o(.ARM.Collect$$rtentry$$00000000)
    .ARM.Collect$$rtentry$$00000002          0x000002d0   Section        0  __rtentry2.o(.ARM.Collect$$rtentry$$00000002)
    .ARM.Collect$$rtentry$$00000004          0x000002d0   Section        6  __rtentry4.o(.ARM.Collect$$rtentry$$00000004)
    .ARM.Collect$$rtentry$$00000009          0x000002d6   Section        0  __rtentry2.o(.ARM.Collect$$rtentry$$00000009)
    .ARM.Collect$$rtentry$$0000000A          0x000002d6   Section        4  __rtentry2.o(.ARM.Collect$$rtentry$$0000000A)
    .ARM.Collect$$rtentry$$0000000C          0x000002da   Section        0  __rtentry2.o(.ARM.Collect$$rtentry$$0000000C)
    .ARM.Collect$$rtentry$$0000000D          0x000002da   Section        8  __rtentry2.o(.ARM.Collect$$rtentry$$0000000D)
    .ARM.Collect$$rtexit$$00000000           0x000002e2   Section        2  rtexit.o(.ARM.Collect$$rtexit$$00000000)
    .ARM.Collect$$rtexit$$00000002           0x000002e4   Section        0  rtexit2.o(.ARM.Collect$$rtexit$$00000002)
    .ARM.Collect$$rtexit$$00000003           0x000002e4   Section        4  rtexit2.o(.ARM.Collect$$rtexit$$00000003)
    .ARM.Collect$$rtexit$$00000004           0x000002e8   Section        6  rtexit2.o(.ARM.Collect$$rtexit$$00000004)
    $v0                                      0x000002f0   Number         0  startup_tm4c123.o(.text)
    .text                                    0x000002f0   Section      276  startup_tm4c123.o(.text)
    .text                                    0x00000404   Section        0  strlen.o(.text)
    .text                                    0x00000442   Section        0  heapauxi.o(.text)
    .text                                    0x00000448   Section       74  sys_stackheap_outer.o(.text)
    .text                                    0x00000492   Section        0  exit.o(.text)
    .text                                    0x000004a4   Section        8  libspace.o(.text)
    .text                                    0x000004ac   Section        0  sys_exit.o(.text)
    .text                                    0x000004b8   Section        2  use_no_semi.o(.text)
    .text                                    0x000004ba   Section        0  indicate_semi.o(.text)
    [Anonymous Symbol]                       0x000004bc   Section        0  adc.o(.text.ADC0_In)
    [Anonymous Symbol]                       0x00000504   Section        0  adc.o(.text.ADC0_Init)
    [Anonymous Symbol]                       0x00000608   Section        0  measurementofdistance.o(.text.Convert)
    [Anonymous Symbol]                       0x00000640   Section        0  lcd.o(.text.LCD_16x2_Clear)
    [Anonymous Symbol]                       0x00000660   Section        0  lcd.o(.text.LCD_16x2_Control_Config)
    [Anonymous Symbol]                       0x000006bc   Section        0  lcd.o(.text.LCD_16x2_Enable_OFF)
    [Anonymous Symbol]                       0x000006d0   Section        0  lcd.o(.text.LCD_16x2_Enable_ON)
    [Anonymous Symbol]                       0x000006e4   Section        0  lcd.o(.text.LCD_16x2_Entry_Config)
    [Anonymous Symbol]                       0x0000072c   Section        0  lcd.o(.text.LCD_16x2_Function_Config)
    [Anonymous Symbol]                       0x00000788   Section        0  lcd.o(.text.LCD_16x2_Init)
    [Anonymous Symbol]                       0x00000864   Section        0  lcd.o(.text.LCD_16x2_Init_Simple)
    [Anonymous Symbol]                       0x00000890   Section        0  lcd.o(.text.LCD_16x2_Set_DDRAM)
    [Anonymous Symbol]                       0x000008c4   Section        0  lcd.o(.text.LCD_16x2_Test_HelloWorld)
    [Anonymous Symbol]                       0x000008d4   Section        0  lcd.o(.text.LCD_16x2_Test_Morbius)
    [Anonymous Symbol]                       0x000008f0   Section        0  lcd.o(.text.LCD_16x2_Transmit_Command)
    [Anonymous Symbol]                       0x00000940   Section        0  lcd.o(.text.LCD_16x2_Transmit_Command_CTRL)
    [Anonymous Symbol]                       0x00000960   Section        0  lcd.o(.text.LCD_16x2_Transmit_Command_HI)
    [Anonymous Symbol]                       0x0000098c   Section        0  lcd.o(.text.LCD_16x2_Transmit_Command_LO)
    [Anonymous Symbol]                       0x000009ac   Section        0  lcd.o(.text.LCD_16x2_Write_Character)
    [Anonymous Symbol]                       0x000009cc   Section        0  lcd.o(.text.LCD_16x2_Write_Row_1)
    [Anonymous Symbol]                       0x00000a0c   Section        0  lcd.o(.text.LCD_16x2_Write_Row_2)
    [Anonymous Symbol]                       0x00000a4c   Section        0  systick.o(.text.SysTick_Handler)
    [Anonymous Symbol]                       0x00000ab0   Section        0  systick.o(.text.SysTick_Init)
    [Anonymous Symbol]                       0x00000b04   Section        0  system_tm4c123.o(.text.SystemInit)
    [Anonymous Symbol]                       0x00000be8   Section        0  measurementofdistance.o(.text.UART_ConvertRotation)
    [Anonymous Symbol]                       0x00000d04   Section        0  systick_delay.o(.text.delayNms)
    [Anonymous Symbol]                       0x00000d2c   Section        0  adc.o(.text.getAdcCount)
    [Anonymous Symbol]                       0x00000d38   Section        0  adc.o(.text.getAdcFlag)
    [Anonymous Symbol]                       0x00000d44   Section        0  systick_delay.o(.text.getSysTickCount)
    [Anonymous Symbol]                       0x00000d50   Section        0  systick_delay.o(.text.getSysTickFlag)
    [Anonymous Symbol]                       0x00000d5c   Section        0  measurementofdistance.o(.text.main)
    [Anonymous Symbol]                       0x00000dec   Section        0  adc.o(.text.setAdcCount)
    [Anonymous Symbol]                       0x00000e00   Section        0  adc.o(.text.setAdcFlag)
    [Anonymous Symbol]                       0x00000e18   Section        0  systick_delay.o(.text.setSysTickCount)
    [Anonymous Symbol]                       0x00000e2c   Section        0  systick_delay.o(.text.setSysTickFlag)
    $v0                                      0x00000e40   Number         0  dfixu.o(x$fpl$dfixu)
    x$fpl$dfixu                              0x00000e40   Section       90  dfixu.o(x$fpl$dfixu)
    $v0                                      0x00000e9a   Number         0  dflt_clz.o(x$fpl$dfltu)
    x$fpl$dfltu                              0x00000e9a   Section       38  dflt_clz.o(x$fpl$dfltu)
    $v0                                      0x00000ec0   Number         0  dmul.o(x$fpl$dmul)
    x$fpl$dmul                               0x00000ec0   Section      340  dmul.o(x$fpl$dmul)
    $v0                                      0x00001014   Number         0  dnaninf.o(x$fpl$dnaninf)
    x$fpl$dnaninf                            0x00001014   Section      156  dnaninf.o(x$fpl$dnaninf)
    $v0                                      0x000010b0   Number         0  dretinf.o(x$fpl$dretinf)
    x$fpl$dretinf                            0x000010b0   Section       12  dretinf.o(x$fpl$dretinf)
    $v0                                      0x000010bc   Number         0  fpinit.o(x$fpl$fpinit)
    x$fpl$fpinit                             0x000010bc   Section       26  fpinit.o(x$fpl$fpinit)
    .L.str                                   0x000010d6   Data          12  lcd.o(.rodata.str1.1)
    [Anonymous Symbol]                       0x000010d6   Section        0  lcd.o(.rodata.str1.1)
    x$fpl$usenofp                            0x000010d6   Section        0  usenofp.o(x$fpl$usenofp)
    .L.str.2                                 0x000010e2   Data           5  lcd.o(.rodata.str1.1)
    .L.str.1                                 0x000010e7   Data          13  lcd.o(.rodata.str1.1)
    .bss                                     0x20000000   Section       96  libspace.o(.bss)
    String                                   0x20000068   Data          10  measurementofdistance.o(.bss.String)
    [Anonymous Symbol]                       0x20000068   Section        0  measurementofdistance.o(.bss.String)
    Heap_Mem                                 0x20000088   Data           0  startup_tm4c123.o(HEAP)
    Stack_Mem                                0x20000088   Data         512  startup_tm4c123.o(STACK)
    HEAP                                     0x20000088   Section        0  startup_tm4c123.o(HEAP)
    STACK                                    0x20000088   Section      512  startup_tm4c123.o(STACK)
    __initial_sp                             0x20000288   Data           0  startup_tm4c123.o(STACK)

    Global Symbols

    Symbol Name                              Value     Ov Type        Size  Object(Section)

    BuildAttributes$$THM_ISAv4$E$P$D$K$B$S$7EM$VFPi3$EXTD16$VFPS$VFMA$PE$A:L22UL41UL21$X:L11$S22US41US21$IEEE1$IW$~IW$USESV6$~STKCKD$USESV7$~SHL$OSPACE$ROPI$EBA8$UX$STANDARDLIB$REQ8$PRES8$EABIv2 0x00000000   Number         0  anon$$obj.o ABSOLUTE
    __Vectors                                0x00000000   Data           4  startup_tm4c123.o(RESET)
    __ARM_exceptions_init                     - Undefined Weak Reference
    __alloca_initialize                       - Undefined Weak Reference
    __arm_preinit_                            - Undefined Weak Reference
    __cpp_initialize__aeabi_                  - Undefined Weak Reference
    __cxa_finalize                            - Undefined Weak Reference
    __rt_locale                               - Undefined Weak Reference
    __sigvec_lookup                           - Undefined Weak Reference
    _atexit_init                              - Undefined Weak Reference
    _call_atexit_fns                          - Undefined Weak Reference
    _clock_init                               - Undefined Weak Reference
    _fp_trap_init                             - Undefined Weak Reference
    _fp_trap_shutdown                         - Undefined Weak Reference
    _get_lc_collate                           - Undefined Weak Reference
    _get_lc_ctype                             - Undefined Weak Reference
    _get_lc_monetary                          - Undefined Weak Reference
    _get_lc_numeric                           - Undefined Weak Reference
    _get_lc_time                              - Undefined Weak Reference
    _getenv_init                              - Undefined Weak Reference
    _handle_redirection                       - Undefined Weak Reference
    _init_alloc                               - Undefined Weak Reference
    _init_user_alloc                          - Undefined Weak Reference
    _initio                                   - Undefined Weak Reference
    _rand_init                                - Undefined Weak Reference
    _signal_finish                            - Undefined Weak Reference
    _signal_init                              - Undefined Weak Reference
    _terminate_alloc                          - Undefined Weak Reference
    _terminate_user_alloc                     - Undefined Weak Reference
    _terminateio                              - Undefined Weak Reference
    __Vectors_End                            0x0000026c   Data           0  startup_tm4c123.o(RESET)
    __Vectors_Size                           0x0000026c   Number         0  startup_tm4c123.o ABSOLUTE
    __main                                   0x0000026d   Thumb Code     8  __main.o(!!!main)
    __scatterload                            0x00000275   Thumb Code     0  __scatter.o(!!!scatter)
    __scatterload_rt2                        0x00000275   Thumb Code    44  __scatter.o(!!!scatter)
    __scatterload_rt2_thumb_only             0x00000275   Thumb Code     0  __scatter.o(!!!scatter)
    __scatterload_null                       0x00000283   Thumb Code     0  __scatter.o(!!!scatter)
    __scatterload_zeroinit                   0x000002a9   Thumb Code    28  __scatter_zi.o(!!handler_zi)
    __rt_lib_init                            0x000002c5   Thumb Code     0  libinit.o(.ARM.Collect$$libinit$$00000000)
    __rt_lib_init_fp_1                       0x000002c7   Thumb Code     0  libinit2.o(.ARM.Collect$$libinit$$00000001)
    __rt_lib_init_alloca_1                   0x000002cb   Thumb Code     0  libinit2.o(.ARM.Collect$$libinit$$0000002E)
    __rt_lib_init_argv_1                     0x000002cb   Thumb Code     0  libinit2.o(.ARM.Collect$$libinit$$0000002C)
    __rt_lib_init_atexit_1                   0x000002cb   Thumb Code     0  libinit2.o(.ARM.Collect$$libinit$$0000001B)
    __rt_lib_init_clock_1                    0x000002cb   Thumb Code     0  libinit2.o(.ARM.Collect$$libinit$$00000021)
    __rt_lib_init_cpp_1                      0x000002cb   Thumb Code     0  libinit2.o(.ARM.Collect$$libinit$$00000032)
    __rt_lib_init_exceptions_1               0x000002cb   Thumb Code     0  libinit2.o(.ARM.Collect$$libinit$$00000030)
    __rt_lib_init_fp_trap_1                  0x000002cb   Thumb Code     0  libinit2.o(.ARM.Collect$$libinit$$0000001F)
    __rt_lib_init_getenv_1                   0x000002cb   Thumb Code     0  libinit2.o(.ARM.Collect$$libinit$$00000023)
    __rt_lib_init_heap_1                     0x000002cb   Thumb Code     0  libinit2.o(.ARM.Collect$$libinit$$0000000A)
    __rt_lib_init_lc_collate_1               0x000002cb   Thumb Code     0  libinit2.o(.ARM.Collect$$libinit$$00000011)
    __rt_lib_init_lc_ctype_1                 0x000002cb   Thumb Code     0  libinit2.o(.ARM.Collect$$libinit$$00000013)
    __rt_lib_init_lc_monetary_1              0x000002cb   Thumb Code     0  libinit2.o(.ARM.Collect$$libinit$$00000015)
    __rt_lib_init_lc_numeric_1               0x000002cb   Thumb Code     0  libinit2.o(.ARM.Collect$$libinit$$00000017)
    __rt_lib_init_lc_time_1                  0x000002cb   Thumb Code     0  libinit2.o(.ARM.Collect$$libinit$$00000019)
    __rt_lib_init_preinit_1                  0x000002cb   Thumb Code     0  libinit2.o(.ARM.Collect$$libinit$$00000004)
    __rt_lib_init_rand_1                     0x000002cb   Thumb Code     0  libinit2.o(.ARM.Collect$$libinit$$0000000E)
    __rt_lib_init_return                     0x000002cb   Thumb Code     0  libinit2.o(.ARM.Collect$$libinit$$00000033)
    __rt_lib_init_signal_1                   0x000002cb   Thumb Code     0  libinit2.o(.ARM.Collect$$libinit$$0000001D)
    __rt_lib_init_stdio_1                    0x000002cb   Thumb Code     0  libinit2.o(.ARM.Collect$$libinit$$00000025)
    __rt_lib_init_user_alloc_1               0x000002cb   Thumb Code     0  libinit2.o(.ARM.Collect$$libinit$$0000000C)
    __rt_lib_shutdown                        0x000002cd   Thumb Code     0  libshutdown.o(.ARM.Collect$$libshutdown$$00000000)
    __rt_lib_shutdown_cpp_1                  0x000002cf   Thumb Code     0  libshutdown2.o(.ARM.Collect$$libshutdown$$00000002)
    __rt_lib_shutdown_fp_trap_1              0x000002cf   Thumb Code     0  libshutdown2.o(.ARM.Collect$$libshutdown$$00000007)
    __rt_lib_shutdown_heap_1                 0x000002cf   Thumb Code     0  libshutdown2.o(.ARM.Collect$$libshutdown$$0000000F)
    __rt_lib_shutdown_return                 0x000002cf   Thumb Code     0  libshutdown2.o(.ARM.Collect$$libshutdown$$00000010)
    __rt_lib_shutdown_signal_1               0x000002cf   Thumb Code     0  libshutdown2.o(.ARM.Collect$$libshutdown$$0000000A)
    __rt_lib_shutdown_stdio_1                0x000002cf   Thumb Code     0  libshutdown2.o(.ARM.Collect$$libshutdown$$00000004)
    __rt_lib_shutdown_user_alloc_1           0x000002cf   Thumb Code     0  libshutdown2.o(.ARM.Collect$$libshutdown$$0000000C)
    __rt_entry                               0x000002d1   Thumb Code     0  __rtentry.o(.ARM.Collect$$rtentry$$00000000)
    __rt_entry_presh_1                       0x000002d1   Thumb Code     0  __rtentry2.o(.ARM.Collect$$rtentry$$00000002)
    __rt_entry_sh                            0x000002d1   Thumb Code     0  __rtentry4.o(.ARM.Collect$$rtentry$$00000004)
    __rt_entry_li                            0x000002d7   Thumb Code     0  __rtentry2.o(.ARM.Collect$$rtentry$$0000000A)
    __rt_entry_postsh_1                      0x000002d7   Thumb Code     0  __rtentry2.o(.ARM.Collect$$rtentry$$00000009)
    __rt_entry_main                          0x000002db   Thumb Code     0  __rtentry2.o(.ARM.Collect$$rtentry$$0000000D)
    __rt_entry_postli_1                      0x000002db   Thumb Code     0  __rtentry2.o(.ARM.Collect$$rtentry$$0000000C)
    __rt_exit                                0x000002e3   Thumb Code     0  rtexit.o(.ARM.Collect$$rtexit$$00000000)
    __rt_exit_ls                             0x000002e5   Thumb Code     0  rtexit2.o(.ARM.Collect$$rtexit$$00000003)
    __rt_exit_prels_1                        0x000002e5   Thumb Code     0  rtexit2.o(.ARM.Collect$$rtexit$$00000002)
    __rt_exit_exit                           0x000002e9   Thumb Code     0  rtexit2.o(.ARM.Collect$$rtexit$$00000004)
    Reset_Handler                            0x000002f1   Thumb Code     8  startup_tm4c123.o(.text)
    NMI_Handler                              0x000002f9   Thumb Code     2  startup_tm4c123.o(.text)
    HardFault_Handler                        0x000002fb   Thumb Code     2  startup_tm4c123.o(.text)
    MemManage_Handler                        0x000002fd   Thumb Code     2  startup_tm4c123.o(.text)
    BusFault_Handler                         0x000002ff   Thumb Code     2  startup_tm4c123.o(.text)
    UsageFault_Handler                       0x00000301   Thumb Code     2  startup_tm4c123.o(.text)
    SVC_Handler                              0x00000303   Thumb Code     2  startup_tm4c123.o(.text)
    DebugMon_Handler                         0x00000305   Thumb Code     2  startup_tm4c123.o(.text)
    PendSV_Handler                           0x00000307   Thumb Code     2  startup_tm4c123.o(.text)
    GPIOA_Handler                            0x0000030b   Thumb Code     2  startup_tm4c123.o(.text)
    GPIOB_Handler                            0x0000030d   Thumb Code     2  startup_tm4c123.o(.text)
    GPIOC_Handler                            0x0000030f   Thumb Code     2  startup_tm4c123.o(.text)
    GPIOD_Handler                            0x00000311   Thumb Code     2  startup_tm4c123.o(.text)
    GPIOE_Handler                            0x00000313   Thumb Code     2  startup_tm4c123.o(.text)
    UART0_Handler                            0x00000315   Thumb Code     2  startup_tm4c123.o(.text)
    UART1_Handler                            0x00000317   Thumb Code     2  startup_tm4c123.o(.text)
    SSI0_Handler                             0x00000319   Thumb Code     2  startup_tm4c123.o(.text)
    I2C0_Handler                             0x0000031b   Thumb Code     2  startup_tm4c123.o(.text)
    PMW0_FAULT_Handler                       0x0000031d   Thumb Code     2  startup_tm4c123.o(.text)
    PWM0_0_Handler                           0x0000031f   Thumb Code     2  startup_tm4c123.o(.text)
    PWM0_1_Handler                           0x00000321   Thumb Code     2  startup_tm4c123.o(.text)
    PWM0_2_Handler                           0x00000323   Thumb Code     2  startup_tm4c123.o(.text)
    QEI0_Handler                             0x00000325   Thumb Code     2  startup_tm4c123.o(.text)
    ADC0SS0_Handler                          0x00000327   Thumb Code     2  startup_tm4c123.o(.text)
    ADC0SS1_Handler                          0x00000329   Thumb Code     2  startup_tm4c123.o(.text)
    ADC0SS2_Handler                          0x0000032b   Thumb Code     2  startup_tm4c123.o(.text)
    ADC0SS3_Handler                          0x0000032d   Thumb Code     2  startup_tm4c123.o(.text)
    WDT0_Handler                             0x0000032f   Thumb Code     2  startup_tm4c123.o(.text)
    TIMER0A_Handler                          0x00000331   Thumb Code     2  startup_tm4c123.o(.text)
    TIMER0B_Handler                          0x00000333   Thumb Code     2  startup_tm4c123.o(.text)
    TIMER1A_Handler                          0x00000335   Thumb Code     2  startup_tm4c123.o(.text)
    TIMER1B_Handler                          0x00000337   Thumb Code     2  startup_tm4c123.o(.text)
    TIMER2A_Handler                          0x00000339   Thumb Code     2  startup_tm4c123.o(.text)
    TIMER2B_Handler                          0x0000033b   Thumb Code     2  startup_tm4c123.o(.text)
    COMP0_Handler                            0x0000033d   Thumb Code     2  startup_tm4c123.o(.text)
    COMP1_Handler                            0x0000033f   Thumb Code     2  startup_tm4c123.o(.text)
    COMP2_Handler                            0x00000341   Thumb Code     2  startup_tm4c123.o(.text)
    SYSCTL_Handler                           0x00000343   Thumb Code     2  startup_tm4c123.o(.text)
    FLASH_Handler                            0x00000345   Thumb Code     2  startup_tm4c123.o(.text)
    GPIOF_Handler                            0x00000347   Thumb Code     2  startup_tm4c123.o(.text)
    GPIOG_Handler                            0x00000349   Thumb Code     2  startup_tm4c123.o(.text)
    GPIOH_Handler                            0x0000034b   Thumb Code     2  startup_tm4c123.o(.text)
    UART2_Handler                            0x0000034d   Thumb Code     2  startup_tm4c123.o(.text)
    SSI1_Handler                             0x0000034f   Thumb Code     2  startup_tm4c123.o(.text)
    TIMER3A_Handler                          0x00000351   Thumb Code     2  startup_tm4c123.o(.text)
    TIMER3B_Handler                          0x00000353   Thumb Code     2  startup_tm4c123.o(.text)
    I2C1_Handler                             0x00000355   Thumb Code     2  startup_tm4c123.o(.text)
    QEI1_Handler                             0x00000357   Thumb Code     2  startup_tm4c123.o(.text)
    CAN0_Handler                             0x00000359   Thumb Code     2  startup_tm4c123.o(.text)
    CAN1_Handler                             0x0000035b   Thumb Code     2  startup_tm4c123.o(.text)
    CAN2_Handler                             0x0000035d   Thumb Code     2  startup_tm4c123.o(.text)
    HIB_Handler                              0x0000035f   Thumb Code     2  startup_tm4c123.o(.text)
    USB0_Handler                             0x00000361   Thumb Code     2  startup_tm4c123.o(.text)
    PWM0_3_Handler                           0x00000363   Thumb Code     2  startup_tm4c123.o(.text)
    UDMA_Handler                             0x00000365   Thumb Code     2  startup_tm4c123.o(.text)
    UDMAERR_Handler                          0x00000367   Thumb Code     2  startup_tm4c123.o(.text)
    ADC1SS0_Handler                          0x00000369   Thumb Code     2  startup_tm4c123.o(.text)
    ADC1SS1_Handler                          0x0000036b   Thumb Code     2  startup_tm4c123.o(.text)
    ADC1SS2_Handler                          0x0000036d   Thumb Code     2  startup_tm4c123.o(.text)
    ADC1SS3_Handler                          0x0000036f   Thumb Code     2  startup_tm4c123.o(.text)
    GPIOJ_Handler                            0x00000371   Thumb Code     2  startup_tm4c123.o(.text)
    GPIOK_Handler                            0x00000373   Thumb Code     2  startup_tm4c123.o(.text)
    GPIOL_Handler                            0x00000375   Thumb Code     2  startup_tm4c123.o(.text)
    SSI2_Handler                             0x00000377   Thumb Code     2  startup_tm4c123.o(.text)
    SSI3_Handler                             0x00000379   Thumb Code     2  startup_tm4c123.o(.text)
    UART3_Handler                            0x0000037b   Thumb Code     2  startup_tm4c123.o(.text)
    UART4_Handler                            0x0000037d   Thumb Code     2  startup_tm4c123.o(.text)
    UART5_Handler                            0x0000037f   Thumb Code     2  startup_tm4c123.o(.text)
    UART6_Handler                            0x00000381   Thumb Code     2  startup_tm4c123.o(.text)
    UART7_Handler                            0x00000383   Thumb Code     2  startup_tm4c123.o(.text)
    I2C2_Handler                             0x00000385   Thumb Code     2  startup_tm4c123.o(.text)
    I2C3_Handler                             0x00000387   Thumb Code     2  startup_tm4c123.o(.text)
    TIMER4A_Handler                          0x00000389   Thumb Code     2  startup_tm4c123.o(.text)
    TIMER4B_Handler                          0x0000038b   Thumb Code     2  startup_tm4c123.o(.text)
    TIMER5A_Handler                          0x0000038d   Thumb Code     2  startup_tm4c123.o(.text)
    TIMER5B_Handler                          0x0000038f   Thumb Code     2  startup_tm4c123.o(.text)
    WTIMER0A_Handler                         0x00000391   Thumb Code     2  startup_tm4c123.o(.text)
    WTIMER0B_Handler                         0x00000393   Thumb Code     2  startup_tm4c123.o(.text)
    WTIMER1A_Handler                         0x00000395   Thumb Code     2  startup_tm4c123.o(.text)
    WTIMER1B_Handler                         0x00000397   Thumb Code     2  startup_tm4c123.o(.text)
    WTIMER2A_Handler                         0x00000399   Thumb Code     2  startup_tm4c123.o(.text)
    WTIMER2B_Handler                         0x0000039b   Thumb Code     2  startup_tm4c123.o(.text)
    WTIMER3A_Handler                         0x0000039d   Thumb Code     2  startup_tm4c123.o(.text)
    WTIMER3B_Handler                         0x0000039f   Thumb Code     2  startup_tm4c123.o(.text)
    WTIMER4A_Handler                         0x000003a1   Thumb Code     2  startup_tm4c123.o(.text)
    WTIMER4B_Handler                         0x000003a3   Thumb Code     2  startup_tm4c123.o(.text)
    WTIMER5A_Handler                         0x000003a5   Thumb Code     2  startup_tm4c123.o(.text)
    WTIMER5B_Handler                         0x000003a7   Thumb Code     2  startup_tm4c123.o(.text)
    FPU_Handler                              0x000003a9   Thumb Code     2  startup_tm4c123.o(.text)
    I2C4_Handler                             0x000003ab   Thumb Code     2  startup_tm4c123.o(.text)
    I2C5_Handler                             0x000003ad   Thumb Code     2  startup_tm4c123.o(.text)
    GPIOM_Handler                            0x000003af   Thumb Code     2  startup_tm4c123.o(.text)
    GPION_Handler                            0x000003b1   Thumb Code     2  startup_tm4c123.o(.text)
    QEI2_Handler                             0x000003b3   Thumb Code     2  startup_tm4c123.o(.text)
    GPIOP0_Handler                           0x000003b5   Thumb Code     2  startup_tm4c123.o(.text)
    GPIOP1_Handler                           0x000003b7   Thumb Code     2  startup_tm4c123.o(.text)
    GPIOP2_Handler                           0x000003b9   Thumb Code     2  startup_tm4c123.o(.text)
    GPIOP3_Handler                           0x000003bb   Thumb Code     2  startup_tm4c123.o(.text)
    GPIOP4_Handler                           0x000003bd   Thumb Code     2  startup_tm4c123.o(.text)
    GPIOP5_Handler                           0x000003bf   Thumb Code     2  startup_tm4c123.o(.text)
    GPIOP6_Handler                           0x000003c1   Thumb Code     2  startup_tm4c123.o(.text)
    GPIOP7_Handler                           0x000003c3   Thumb Code     2  startup_tm4c123.o(.text)
    GPIOQ0_Handler                           0x000003c5   Thumb Code     2  startup_tm4c123.o(.text)
    GPIOQ1_Handler                           0x000003c7   Thumb Code     2  startup_tm4c123.o(.text)
    GPIOQ2_Handler                           0x000003c9   Thumb Code     2  startup_tm4c123.o(.text)
    GPIOQ3_Handler                           0x000003cb   Thumb Code     2  startup_tm4c123.o(.text)
    GPIOQ4_Handler                           0x000003cd   Thumb Code     2  startup_tm4c123.o(.text)
    GPIOQ5_Handler                           0x000003cf   Thumb Code     2  startup_tm4c123.o(.text)
    GPIOQ6_Handler                           0x000003d1   Thumb Code     2  startup_tm4c123.o(.text)
    GPIOQ7_Handler                           0x000003d3   Thumb Code     2  startup_tm4c123.o(.text)
    GPIOR_Handler                            0x000003d5   Thumb Code     2  startup_tm4c123.o(.text)
    GPIOS_Handler                            0x000003d7   Thumb Code     2  startup_tm4c123.o(.text)
    PMW1_0_Handler                           0x000003d9   Thumb Code     2  startup_tm4c123.o(.text)
    PWM1_1_Handler                           0x000003db   Thumb Code     2  startup_tm4c123.o(.text)
    PWM1_2_Handler                           0x000003dd   Thumb Code     2  startup_tm4c123.o(.text)
    PWM1_3_Handler                           0x000003df   Thumb Code     2  startup_tm4c123.o(.text)
    PWM1_FAULT_Handler                       0x000003e1   Thumb Code     2  startup_tm4c123.o(.text)
    __user_initial_stackheap                 0x000003e5   Thumb Code     0  startup_tm4c123.o(.text)
    strlen                                   0x00000405   Thumb Code    62  strlen.o(.text)
    __use_two_region_memory                  0x00000443   Thumb Code     2  heapauxi.o(.text)
    __rt_heap_escrow$2region                 0x00000445   Thumb Code     2  heapauxi.o(.text)
    __rt_heap_expand$2region                 0x00000447   Thumb Code     2  heapauxi.o(.text)
    __user_setup_stackheap                   0x00000449   Thumb Code    74  sys_stackheap_outer.o(.text)
    exit                                     0x00000493   Thumb Code    18  exit.o(.text)
    __user_libspace                          0x000004a5   Thumb Code     8  libspace.o(.text)
    __user_perproc_libspace                  0x000004a5   Thumb Code     0  libspace.o(.text)
    __user_perthread_libspace                0x000004a5   Thumb Code     0  libspace.o(.text)
    _sys_exit                                0x000004ad   Thumb Code     8  sys_exit.o(.text)
    __I$use$semihosting                      0x000004b9   Thumb Code     0  use_no_semi.o(.text)
    __use_no_semihosting_swi                 0x000004b9   Thumb Code     2  use_no_semi.o(.text)
    __semihosting_library_function           0x000004bb   Thumb Code     0  indicate_semi.o(.text)
    ADC0_In                                  0x000004bd   Thumb Code    70  adc.o(.text.ADC0_In)
    ADC0_Init                                0x00000505   Thumb Code   258  adc.o(.text.ADC0_Init)
    Convert                                  0x00000609   Thumb Code    56  measurementofdistance.o(.text.Convert)
    LCD_16x2_Clear                           0x00000641   Thumb Code    32  lcd.o(.text.LCD_16x2_Clear)
    LCD_16x2_Control_Config                  0x00000661   Thumb Code    90  lcd.o(.text.LCD_16x2_Control_Config)
    LCD_16x2_Enable_OFF                      0x000006bd   Thumb Code    18  lcd.o(.text.LCD_16x2_Enable_OFF)
    LCD_16x2_Enable_ON                       0x000006d1   Thumb Code    18  lcd.o(.text.LCD_16x2_Enable_ON)
    LCD_16x2_Entry_Config                    0x000006e5   Thumb Code    70  lcd.o(.text.LCD_16x2_Entry_Config)
    LCD_16x2_Function_Config                 0x0000072d   Thumb Code    92  lcd.o(.text.LCD_16x2_Function_Config)
    LCD_16x2_Init                            0x00000789   Thumb Code   218  lcd.o(.text.LCD_16x2_Init)
    LCD_16x2_Init_Simple                     0x00000865   Thumb Code    44  lcd.o(.text.LCD_16x2_Init_Simple)
    LCD_16x2_Set_DDRAM                       0x00000891   Thumb Code    50  lcd.o(.text.LCD_16x2_Set_DDRAM)
    LCD_16x2_Test_HelloWorld                 0x000008c5   Thumb Code    16  lcd.o(.text.LCD_16x2_Test_HelloWorld)
    LCD_16x2_Test_Morbius                    0x000008d5   Thumb Code    28  lcd.o(.text.LCD_16x2_Test_Morbius)
    LCD_16x2_Transmit_Command                0x000008f1   Thumb Code    80  lcd.o(.text.LCD_16x2_Transmit_Command)
    LCD_16x2_Transmit_Command_CTRL           0x00000941   Thumb Code    32  lcd.o(.text.LCD_16x2_Transmit_Command_CTRL)
    LCD_16x2_Transmit_Command_HI             0x00000961   Thumb Code    42  lcd.o(.text.LCD_16x2_Transmit_Command_HI)
    LCD_16x2_Transmit_Command_LO             0x0000098d   Thumb Code    32  lcd.o(.text.LCD_16x2_Transmit_Command_LO)
    LCD_16x2_Write_Character                 0x000009ad   Thumb Code    30  lcd.o(.text.LCD_16x2_Write_Character)
    LCD_16x2_Write_Row_1                     0x000009cd   Thumb Code    64  lcd.o(.text.LCD_16x2_Write_Row_1)
    LCD_16x2_Write_Row_2                     0x00000a0d   Thumb Code    62  lcd.o(.text.LCD_16x2_Write_Row_2)
    SysTick_Handler                          0x00000a4d   Thumb Code    98  systick.o(.text.SysTick_Handler)
    SysTick_Init                             0x00000ab1   Thumb Code    82  systick.o(.text.SysTick_Init)
    SystemInit                               0x00000b05   Thumb Code   228  system_tm4c123.o(.text.SystemInit)
    UART_ConvertRotation                     0x00000be9   Thumb Code   284  measurementofdistance.o(.text.UART_ConvertRotation)
    delayNms                                 0x00000d05   Thumb Code    40  systick_delay.o(.text.delayNms)
    getAdcCount                              0x00000d2d   Thumb Code    12  adc.o(.text.getAdcCount)
    getAdcFlag                               0x00000d39   Thumb Code    12  adc.o(.text.getAdcFlag)
    getSysTickCount                          0x00000d45   Thumb Code    12  systick_delay.o(.text.getSysTickCount)
    getSysTickFlag                           0x00000d51   Thumb Code    12  systick_delay.o(.text.getSysTickFlag)
    main                                     0x00000d5d   Thumb Code   142  measurementofdistance.o(.text.main)
    setAdcCount                              0x00000ded   Thumb Code    20  adc.o(.text.setAdcCount)
    setAdcFlag                               0x00000e01   Thumb Code    24  adc.o(.text.setAdcFlag)
    setSysTickCount                          0x00000e19   Thumb Code    20  systick_delay.o(.text.setSysTickCount)
    setSysTickFlag                           0x00000e2d   Thumb Code    20  systick_delay.o(.text.setSysTickFlag)
    __aeabi_d2uiz                            0x00000e41   Thumb Code     0  dfixu.o(x$fpl$dfixu)
    _dfixu                                   0x00000e41   Thumb Code    90  dfixu.o(x$fpl$dfixu)
    __aeabi_ui2d                             0x00000e9b   Thumb Code     0  dflt_clz.o(x$fpl$dfltu)
    _dfltu                                   0x00000e9b   Thumb Code    38  dflt_clz.o(x$fpl$dfltu)
    __aeabi_dmul                             0x00000ec1   Thumb Code     0  dmul.o(x$fpl$dmul)
    _dmul                                    0x00000ec1   Thumb Code   332  dmul.o(x$fpl$dmul)
    __fpl_dnaninf                            0x00001015   Thumb Code   156  dnaninf.o(x$fpl$dnaninf)
    __fpl_dretinf                            0x000010b1   Thumb Code    12  dretinf.o(x$fpl$dretinf)
    _fp_init                                 0x000010bd   Thumb Code    26  fpinit.o(x$fpl$fpinit)
    __fplib_config_fpu_vfp                   0x000010d5   Thumb Code     0  fpinit.o(x$fpl$fpinit)
    __fplib_config_pureend_doubles           0x000010d5   Thumb Code     0  fpinit.o(x$fpl$fpinit)
    __I$use$fp                               0x000010d6   Number         0  usenofp.o(x$fpl$usenofp)
    Region$$Table$$Base                      0x000010f4   Number         0  anon$$obj.o(Region$$Table)
    Region$$Table$$Limit                     0x00001104   Number         0  anon$$obj.o(Region$$Table)
    __libspace_start                         0x20000000   Data          96  libspace.o(.bss)
    Distance                                 0x20000060   Data           4  measurementofdistance.o(.bss.Distance)
    __temporary_stack_top$libspace           0x20000060   Data           0  libspace.o(.bss)
    Flag                                     0x20000064   Data           4  measurementofdistance.o(.bss.Flag)
    SysTickCount                             0x20000074   Data           4  systick_delay.o(.bss.SysTickCount)
    SysTickFlag                              0x20000078   Data           4  systick_delay.o(.bss.SysTickFlag)
    adc_count                                0x2000007c   Data           4  adc.o(.bss.adc_count)
    adc_flag                                 0x20000080   Data           1  adc.o(.bss.adc_flag)



==============================================================================

Memory Map of the image

  Image Entry point : 0x000002f1

  Load Region LR_1 (Base: 0x00000000, Size: 0x00001104, Max: 0xffffffff, ABSOLUTE)

    Execution Region ER_RO (Exec base: 0x00000000, Load base: 0x00000000, Size: 0x00001104, Max: 0xffffffff, ABSOLUTE)

    Exec Addr    Load Addr    Size         Type   Attr      Idx    E Section Name        Object

    0x00000000   0x00000000   0x0000026c   Data   RO          124    RESET               startup_tm4c123.o
    0x0000026c   0x0000026c   0x00000008   Code   RO          151  * !!!main             c_w.l(__main.o)
    0x00000274   0x00000274   0x00000034   Code   RO          331    !!!scatter          c_w.l(__scatter.o)
    0x000002a8   0x000002a8   0x0000001c   Code   RO          333    !!handler_zi        c_w.l(__scatter_zi.o)
    0x000002c4   0x000002c4   0x00000002   Code   RO          195    .ARM.Collect$$libinit$$00000000  c_w.l(libinit.o)
    0x000002c6   0x000002c6   0x00000004   Code   RO          201    .ARM.Collect$$libinit$$00000001  c_w.l(libinit2.o)
    0x000002ca   0x000002ca   0x00000000   Code   RO          204    .ARM.Collect$$libinit$$00000004  c_w.l(libinit2.o)
    0x000002ca   0x000002ca   0x00000000   Code   RO          207    .ARM.Collect$$libinit$$0000000A  c_w.l(libinit2.o)
    0x000002ca   0x000002ca   0x00000000   Code   RO          209    .ARM.Collect$$libinit$$0000000C  c_w.l(libinit2.o)
    0x000002ca   0x000002ca   0x00000000   Code   RO          211    .ARM.Collect$$libinit$$0000000E  c_w.l(libinit2.o)
    0x000002ca   0x000002ca   0x00000000   Code   RO          214    .ARM.Collect$$libinit$$00000011  c_w.l(libinit2.o)
    0x000002ca   0x000002ca   0x00000000   Code   RO          216    .ARM.Collect$$libinit$$00000013  c_w.l(libinit2.o)
    0x000002ca   0x000002ca   0x00000000   Code   RO          218    .ARM.Collect$$libinit$$00000015  c_w.l(libinit2.o)
    0x000002ca   0x000002ca   0x00000000   Code   RO          220    .ARM.Collect$$libinit$$00000017  c_w.l(libinit2.o)
    0x000002ca   0x000002ca   0x00000000   Code   RO          222    .ARM.Collect$$libinit$$00000019  c_w.l(libinit2.o)
    0x000002ca   0x000002ca   0x00000000   Code   RO          224    .ARM.Collect$$libinit$$0000001B  c_w.l(libinit2.o)
    0x000002ca   0x000002ca   0x00000000   Code   RO          226    .ARM.Collect$$libinit$$0000001D  c_w.l(libinit2.o)
    0x000002ca   0x000002ca   0x00000000   Code   RO          228    .ARM.Collect$$libinit$$0000001F  c_w.l(libinit2.o)
    0x000002ca   0x000002ca   0x00000000   Code   RO          230    .ARM.Collect$$libinit$$00000021  c_w.l(libinit2.o)
    0x000002ca   0x000002ca   0x00000000   Code   RO          232    .ARM.Collect$$libinit$$00000023  c_w.l(libinit2.o)
    0x000002ca   0x000002ca   0x00000000   Code   RO          234    .ARM.Collect$$libinit$$00000025  c_w.l(libinit2.o)
    0x000002ca   0x000002ca   0x00000000   Code   RO          238    .ARM.Collect$$libinit$$0000002C  c_w.l(libinit2.o)
    0x000002ca   0x000002ca   0x00000000   Code   RO          240    .ARM.Collect$$libinit$$0000002E  c_w.l(libinit2.o)
    0x000002ca   0x000002ca   0x00000000   Code   RO          242    .ARM.Collect$$libinit$$00000030  c_w.l(libinit2.o)
    0x000002ca   0x000002ca   0x00000000   Code   RO          244    .ARM.Collect$$libinit$$00000032  c_w.l(libinit2.o)
    0x000002ca   0x000002ca   0x00000002   Code   RO          245    .ARM.Collect$$libinit$$00000033  c_w.l(libinit2.o)
    0x000002cc   0x000002cc   0x00000002   Code   RO          267    .ARM.Collect$$libshutdown$$00000000  c_w.l(libshutdown.o)
    0x000002ce   0x000002ce   0x00000000   Code   RO          282    .ARM.Collect$$libshutdown$$00000002  c_w.l(libshutdown2.o)
    0x000002ce   0x000002ce   0x00000000   Code   RO          284    .ARM.Collect$$libshutdown$$00000004  c_w.l(libshutdown2.o)
    0x000002ce   0x000002ce   0x00000000   Code   RO          287    .ARM.Collect$$libshutdown$$00000007  c_w.l(libshutdown2.o)
    0x000002ce   0x000002ce   0x00000000   Code   RO          290    .ARM.Collect$$libshutdown$$0000000A  c_w.l(libshutdown2.o)
    0x000002ce   0x000002ce   0x00000000   Code   RO          292    .ARM.Collect$$libshutdown$$0000000C  c_w.l(libshutdown2.o)
    0x000002ce   0x000002ce   0x00000000   Code   RO          295    .ARM.Collect$$libshutdown$$0000000F  c_w.l(libshutdown2.o)
    0x000002ce   0x000002ce   0x00000002   Code   RO          296    .ARM.Collect$$libshutdown$$00000010  c_w.l(libshutdown2.o)
    0x000002d0   0x000002d0   0x00000000   Code   RO          165    .ARM.Collect$$rtentry$$00000000  c_w.l(__rtentry.o)
    0x000002d0   0x000002d0   0x00000000   Code   RO          172    .ARM.Collect$$rtentry$$00000002  c_w.l(__rtentry2.o)
    0x000002d0   0x000002d0   0x00000006   Code   RO          184    .ARM.Collect$$rtentry$$00000004  c_w.l(__rtentry4.o)
    0x000002d6   0x000002d6   0x00000000   Code   RO          174    .ARM.Collect$$rtentry$$00000009  c_w.l(__rtentry2.o)
    0x000002d6   0x000002d6   0x00000004   Code   RO          175    .ARM.Collect$$rtentry$$0000000A  c_w.l(__rtentry2.o)
    0x000002da   0x000002da   0x00000000   Code   RO          177    .ARM.Collect$$rtentry$$0000000C  c_w.l(__rtentry2.o)
    0x000002da   0x000002da   0x00000008   Code   RO          178    .ARM.Collect$$rtentry$$0000000D  c_w.l(__rtentry2.o)
    0x000002e2   0x000002e2   0x00000002   Code   RO          199    .ARM.Collect$$rtexit$$00000000  c_w.l(rtexit.o)
    0x000002e4   0x000002e4   0x00000000   Code   RO          247    .ARM.Collect$$rtexit$$00000002  c_w.l(rtexit2.o)
    0x000002e4   0x000002e4   0x00000004   Code   RO          248    .ARM.Collect$$rtexit$$00000003  c_w.l(rtexit2.o)
    0x000002e8   0x000002e8   0x00000006   Code   RO          249    .ARM.Collect$$rtexit$$00000004  c_w.l(rtexit2.o)
    0x000002ee   0x000002ee   0x00000002   PAD
    0x000002f0   0x000002f0   0x00000114   Code   RO          125  * .text               startup_tm4c123.o
    0x00000404   0x00000404   0x0000003e   Code   RO          147    .text               c_w.l(strlen.o)
    0x00000442   0x00000442   0x00000006   Code   RO          149    .text               c_w.l(heapauxi.o)
    0x00000448   0x00000448   0x0000004a   Code   RO          186    .text               c_w.l(sys_stackheap_outer.o)
    0x00000492   0x00000492   0x00000012   Code   RO          188    .text               c_w.l(exit.o)
    0x000004a4   0x000004a4   0x00000008   Code   RO          196    .text               c_w.l(libspace.o)
    0x000004ac   0x000004ac   0x0000000c   Code   RO          257    .text               c_w.l(sys_exit.o)
    0x000004b8   0x000004b8   0x00000002   Code   RO          272    .text               c_w.l(use_no_semi.o)
    0x000004ba   0x000004ba   0x00000000   Code   RO          274    .text               c_w.l(indicate_semi.o)
    0x000004ba   0x000004ba   0x00000002   PAD
    0x000004bc   0x000004bc   0x00000046   Code   RO           12    .text.ADC0_In       adc.o
    0x00000502   0x00000502   0x00000002   PAD
    0x00000504   0x00000504   0x00000102   Code   RO            2    .text.ADC0_Init     adc.o
    0x00000606   0x00000606   0x00000002   PAD
    0x00000608   0x00000608   0x00000038   Code   RO           75    .text.Convert       measurementofdistance.o
    0x00000640   0x00000640   0x00000020   Code   RO           33    .text.LCD_16x2_Clear  lcd.o
    0x00000660   0x00000660   0x0000005a   Code   RO           27    .text.LCD_16x2_Control_Config  lcd.o
    0x000006ba   0x000006ba   0x00000002   PAD
    0x000006bc   0x000006bc   0x00000012   Code   RO           51    .text.LCD_16x2_Enable_OFF  lcd.o
    0x000006ce   0x000006ce   0x00000002   PAD
    0x000006d0   0x000006d0   0x00000012   Code   RO           59    .text.LCD_16x2_Enable_ON  lcd.o
    0x000006e2   0x000006e2   0x00000002   PAD
    0x000006e4   0x000006e4   0x00000046   Code   RO           29    .text.LCD_16x2_Entry_Config  lcd.o
    0x0000072a   0x0000072a   0x00000002   PAD
    0x0000072c   0x0000072c   0x0000005c   Code   RO           31    .text.LCD_16x2_Function_Config  lcd.o
    0x00000788   0x00000788   0x000000da   Code   RO           25    .text.LCD_16x2_Init  lcd.o
    0x00000862   0x00000862   0x00000002   PAD
    0x00000864   0x00000864   0x0000002c   Code   RO           23    .text.LCD_16x2_Init_Simple  lcd.o
    0x00000890   0x00000890   0x00000032   Code   RO           41    .text.LCD_16x2_Set_DDRAM  lcd.o
    0x000008c2   0x000008c2   0x00000002   PAD
    0x000008c4   0x000008c4   0x00000010   Code   RO           63    .text.LCD_16x2_Test_HelloWorld  lcd.o
    0x000008d4   0x000008d4   0x0000001c   Code   RO           65    .text.LCD_16x2_Test_Morbius  lcd.o
    0x000008f0   0x000008f0   0x00000050   Code   RO           35    .text.LCD_16x2_Transmit_Command  lcd.o
    0x00000940   0x00000940   0x00000020   Code   RO           57    .text.LCD_16x2_Transmit_Command_CTRL  lcd.o
    0x00000960   0x00000960   0x0000002a   Code   RO           53    .text.LCD_16x2_Transmit_Command_HI  lcd.o
    0x0000098a   0x0000098a   0x00000002   PAD
    0x0000098c   0x0000098c   0x00000020   Code   RO           55    .text.LCD_16x2_Transmit_Command_LO  lcd.o
    0x000009ac   0x000009ac   0x0000001e   Code   RO           45    .text.LCD_16x2_Write_Character  lcd.o
    0x000009ca   0x000009ca   0x00000002   PAD
    0x000009cc   0x000009cc   0x00000040   Code   RO           47    .text.LCD_16x2_Write_Row_1  lcd.o
    0x00000a0c   0x00000a0c   0x0000003e   Code   RO           49    .text.LCD_16x2_Write_Row_2  lcd.o
    0x00000a4a   0x00000a4a   0x00000002   PAD
    0x00000a4c   0x00000a4c   0x00000062   Code   RO           95    .text.SysTick_Handler  systick.o
    0x00000aae   0x00000aae   0x00000002   PAD
    0x00000ab0   0x00000ab0   0x00000052   Code   RO           93    .text.SysTick_Init  systick.o
    0x00000b02   0x00000b02   0x00000002   PAD
    0x00000b04   0x00000b04   0x000000e4   Code   RO          136    .text.SystemInit    system_tm4c123.o
    0x00000be8   0x00000be8   0x0000011c   Code   RO           77    .text.UART_ConvertRotation  measurementofdistance.o
    0x00000d04   0x00000d04   0x00000028   Code   RO          104    .text.delayNms      systick_delay.o
    0x00000d2c   0x00000d2c   0x0000000c   Code   RO            8    .text.getAdcCount   adc.o
    0x00000d38   0x00000d38   0x0000000c   Code   RO           10    .text.getAdcFlag    adc.o
    0x00000d44   0x00000d44   0x0000000c   Code   RO          108    .text.getSysTickCount  systick_delay.o
    0x00000d50   0x00000d50   0x0000000c   Code   RO          112    .text.getSysTickFlag  systick_delay.o
    0x00000d5c   0x00000d5c   0x0000008e   Code   RO           79    .text.main          measurementofdistance.o
    0x00000dea   0x00000dea   0x00000002   PAD
    0x00000dec   0x00000dec   0x00000014   Code   RO            4    .text.setAdcCount   adc.o
    0x00000e00   0x00000e00   0x00000018   Code   RO            6    .text.setAdcFlag    adc.o
    0x00000e18   0x00000e18   0x00000014   Code   RO          110    .text.setSysTickCount  systick_delay.o
    0x00000e2c   0x00000e2c   0x00000014   Code   RO          106    .text.setSysTickFlag  systick_delay.o
    0x00000e40   0x00000e40   0x0000005a   Code   RO          153    x$fpl$dfixu         fz_wm.l(dfixu.o)
    0x00000e9a   0x00000e9a   0x00000026   Code   RO          157    x$fpl$dfltu         fz_wm.l(dflt_clz.o)
    0x00000ec0   0x00000ec0   0x00000154   Code   RO          163    x$fpl$dmul          fz_wm.l(dmul.o)
    0x00001014   0x00001014   0x0000009c   Code   RO          166    x$fpl$dnaninf       fz_wm.l(dnaninf.o)
    0x000010b0   0x000010b0   0x0000000c   Code   RO          168    x$fpl$dretinf       fz_wm.l(dretinf.o)
    0x000010bc   0x000010bc   0x0000001a   Code   RO          255    x$fpl$fpinit        fz_wm.l(fpinit.o)
    0x000010d6   0x000010d6   0x00000000   Code   RO          170    x$fpl$usenofp       fz_wm.l(usenofp.o)
    0x000010d6   0x000010d6   0x0000001e   Data   RO           67    .rodata.str1.1      lcd.o
    0x000010f4   0x000010f4   0x00000010   Data   RO          330    Region$$Table       anon$$obj.o


    Execution Region ER_RW (Exec base: 0x20000000, Load base: 0x00001104, Size: 0x00000000, Max: 0xffffffff, ABSOLUTE)

    **** No section assigned to this execution region ****


    Execution Region ER_ZI (Exec base: 0x20000000, Load base: 0x00001104, Size: 0x00000288, Max: 0xffffffff, ABSOLUTE)

    Exec Addr    Load Addr    Size         Type   Attr      Idx    E Section Name        Object

    0x20000000        -       0x00000060   Zero   RW          197    .bss                c_w.l(libspace.o)
    0x20000060        -       0x00000004   Zero   RW           83    .bss.Distance       measurementofdistance.o
    0x20000064        -       0x00000004   Zero   RW           82    .bss.Flag           measurementofdistance.o
    0x20000068        -       0x0000000a   Zero   RW           81    .bss.String         measurementofdistance.o
    0x20000072   0x00001104   0x00000002   PAD
    0x20000074        -       0x00000004   Zero   RW          114    .bss.SysTickCount   systick_delay.o
    0x20000078        -       0x00000004   Zero   RW          115    .bss.SysTickFlag    systick_delay.o
    0x2000007c        -       0x00000004   Zero   RW           14    .bss.adc_count      adc.o
    0x20000080        -       0x00000001   Zero   RW           15    .bss.adc_flag       adc.o
    0x20000081   0x00001104   0x00000007   PAD
    0x20000088        -       0x00000000   Zero   RW          123    HEAP                startup_tm4c123.o
    0x20000088        -       0x00000200   Zero   RW          122    STACK               startup_tm4c123.o


==============================================================================

Image component sizes


      Code (inc. data)   RO Data    RW Data    ZI Data      Debug   Object Name

       396          0          0          0          5       1295   adc.o
      1018          0         30          0          0       3855   lcd.o
       482          8          0          0         18       1520   measurementofdistance.o
       276         24        620          0        512       5520   startup_tm4c123.o
       228          0          0          0          0       6819   system_tm4c123.o
       180          0          0          0          0        667   systick.o
       104          0          0          0          8       1050   systick_delay.o

    ----------------------------------------------------------------------
      2712         32        666          0        552      20726   Object Totals
         0          0         16          0          0          0   (incl. Generated)
        28          0          0          0          9          0   (incl. Padding)

    ----------------------------------------------------------------------

      Code (inc. data)   RO Data    RW Data    ZI Data      Debug   Library Member Name

         8          0          0          0          0         68   __main.o
         0          0          0          0          0          0   __rtentry.o
        12          0          0          0          0          0   __rtentry2.o
         6          0          0          0          0          0   __rtentry4.o
        52          8          0          0          0          0   __scatter.o
        28          0          0          0          0          0   __scatter_zi.o
        18          0          0          0          0         80   exit.o
         6          0          0          0          0        152   heapauxi.o
         0          0          0          0          0          0   indicate_semi.o
         2          0          0          0          0          0   libinit.o
         6          0          0          0          0          0   libinit2.o
         2          0          0          0          0          0   libshutdown.o
         2          0          0          0          0          0   libshutdown2.o
         8          4          0          0         96         68   libspace.o
         2          0          0          0          0          0   rtexit.o
        10          0          0          0          0          0   rtexit2.o
        62          0          0          0          0         76   strlen.o
        12          4          0          0          0         68   sys_exit.o
        74          0          0          0          0         80   sys_stackheap_outer.o
         2          0          0          0          0         68   use_no_semi.o
        90          4          0          0          0        140   dfixu.o
        38          0          0          0          0        116   dflt_clz.o
       340         12          0          0          0        152   dmul.o
       156          4          0          0          0        140   dnaninf.o
        12          0          0          0          0        116   dretinf.o
        26          0          0          0          0        116   fpinit.o
         0          0          0          0          0          0   usenofp.o

    ----------------------------------------------------------------------
       978         36          0          0         96       1440   Library Totals
         4          0          0          0          0          0   (incl. Padding)

    ----------------------------------------------------------------------

      Code (inc. data)   RO Data    RW Data    ZI Data      Debug   Library Name

       312         16          0          0         96        660   c_w.l
       662         20          0          0          0        780   fz_wm.l

    ----------------------------------------------------------------------
       978         36          0          0         96       1440   Library Totals

    ----------------------------------------------------------------------

==============================================================================


      Code (inc. data)   RO Data    RW Data    ZI Data      Debug   

      3690         68        666          0        648      21290   Grand Totals
      3690         68        666          0        648      21290   ELF Image Totals
      3690         68        666          0          0          0   ROM Totals

==============================================================================

    Total RO  Size (Code + RO Data)                 4356 (   4.25kB)
    Total RW  Size (RW Data + ZI Data)               648 (   0.63kB)
    Total ROM Size (Code + RO Data + RW Data)       4356 (   4.25kB)

==============================================================================

